Archive member included to satisfy reference by file (symbol)

/usr/lib/gcc/arm-none-eabi/4.9.3/../../../arm-none-eabi/lib/armv6-m/libg_nano.a(lib_a-errno.o)
                              spinel_test-spinel.o (__errno)
/usr/lib/gcc/arm-none-eabi/4.9.3/../../../arm-none-eabi/lib/armv6-m/libg_nano.a(lib_a-impure.o)
                              /usr/lib/gcc/arm-none-eabi/4.9.3/../../../arm-none-eabi/lib/armv6-m/libg_nano.a(lib_a-errno.o) (_impure_ptr)
/usr/lib/gcc/arm-none-eabi/4.9.3/../../../arm-none-eabi/lib/armv6-m/libg_nano.a(lib_a-memcmp.o)
                              spinel_test-spinel.o (memcmp)
/usr/lib/gcc/arm-none-eabi/4.9.3/../../../arm-none-eabi/lib/armv6-m/libg_nano.a(lib_a-memcpy.o)
                              spinel_test-spinel.o (memcpy)
/usr/lib/gcc/arm-none-eabi/4.9.3/../../../arm-none-eabi/lib/armv6-m/libg_nano.a(lib_a-memset.o)
                              spinel_test-spinel.o (memset)
/usr/lib/gcc/arm-none-eabi/4.9.3/../../../arm-none-eabi/lib/armv6-m/libg_nano.a(lib_a-printf.o)
                              spinel_test-spinel.o (printf)
/usr/lib/gcc/arm-none-eabi/4.9.3/../../../arm-none-eabi/lib/armv6-m/libg_nano.a(lib_a-puts.o)
                              spinel_test-spinel.o (puts)
/usr/lib/gcc/arm-none-eabi/4.9.3/../../../arm-none-eabi/lib/armv6-m/libg_nano.a(lib_a-strcmp.o)
                              spinel_test-spinel.o (strcmp)
/usr/lib/gcc/arm-none-eabi/4.9.3/../../../arm-none-eabi/lib/armv6-m/libg_nano.a(lib_a-strlen.o)
                              spinel_test-spinel.o (strlen)
/usr/lib/gcc/arm-none-eabi/4.9.3/../../../arm-none-eabi/lib/armv6-m/libg_nano.a(lib_a-strnlen.o)
                              spinel_test-spinel.o (strnlen)
/usr/lib/gcc/arm-none-eabi/4.9.3/../../../arm-none-eabi/lib/armv6-m/libg_nano.a(lib_a-wbuf.o)
                              /usr/lib/gcc/arm-none-eabi/4.9.3/../../../arm-none-eabi/lib/armv6-m/libg_nano.a(lib_a-puts.o) (__swbuf_r)
/usr/lib/gcc/arm-none-eabi/4.9.3/../../../arm-none-eabi/lib/armv6-m/libg_nano.a(lib_a-wsetup.o)
                              /usr/lib/gcc/arm-none-eabi/4.9.3/../../../arm-none-eabi/lib/armv6-m/libg_nano.a(lib_a-puts.o) (__swsetup_r)
/usr/lib/gcc/arm-none-eabi/4.9.3/../../../arm-none-eabi/lib/armv6-m/libg_nano.a(lib_a-fflush.o)
                              /usr/lib/gcc/arm-none-eabi/4.9.3/../../../arm-none-eabi/lib/armv6-m/libg_nano.a(lib_a-wbuf.o) (_fflush_r)
/usr/lib/gcc/arm-none-eabi/4.9.3/../../../arm-none-eabi/lib/armv6-m/libg_nano.a(lib_a-findfp.o)
                              /usr/lib/gcc/arm-none-eabi/4.9.3/../../../arm-none-eabi/lib/armv6-m/libg_nano.a(lib_a-printf.o) (__sinit)
/usr/lib/gcc/arm-none-eabi/4.9.3/../../../arm-none-eabi/lib/armv6-m/libg_nano.a(lib_a-fwalk.o)
                              /usr/lib/gcc/arm-none-eabi/4.9.3/../../../arm-none-eabi/lib/armv6-m/libg_nano.a(lib_a-findfp.o) (_fwalk)
/usr/lib/gcc/arm-none-eabi/4.9.3/../../../arm-none-eabi/lib/armv6-m/libg_nano.a(lib_a-makebuf.o)
                              /usr/lib/gcc/arm-none-eabi/4.9.3/../../../arm-none-eabi/lib/armv6-m/libg_nano.a(lib_a-wsetup.o) (__smakebuf_r)
/usr/lib/gcc/arm-none-eabi/4.9.3/../../../arm-none-eabi/lib/armv6-m/libg_nano.a(lib_a-nano-freer.o)
                              /usr/lib/gcc/arm-none-eabi/4.9.3/../../../arm-none-eabi/lib/armv6-m/libg_nano.a(lib_a-wsetup.o) (_free_r)
/usr/lib/gcc/arm-none-eabi/4.9.3/../../../arm-none-eabi/lib/armv6-m/libg_nano.a(lib_a-nano-mallocr.o)
                              /usr/lib/gcc/arm-none-eabi/4.9.3/../../../arm-none-eabi/lib/armv6-m/libg_nano.a(lib_a-findfp.o) (_malloc_r)
/usr/lib/gcc/arm-none-eabi/4.9.3/../../../arm-none-eabi/lib/armv6-m/libg_nano.a(lib_a-nano-vfprintf.o)
                              /usr/lib/gcc/arm-none-eabi/4.9.3/../../../arm-none-eabi/lib/armv6-m/libg_nano.a(lib_a-printf.o) (_vfprintf_r)
/usr/lib/gcc/arm-none-eabi/4.9.3/../../../arm-none-eabi/lib/armv6-m/libg_nano.a(lib_a-nano-vfprintf_i.o)
                              /usr/lib/gcc/arm-none-eabi/4.9.3/../../../arm-none-eabi/lib/armv6-m/libg_nano.a(lib_a-nano-vfprintf.o) (_printf_i)
/usr/lib/gcc/arm-none-eabi/4.9.3/../../../arm-none-eabi/lib/armv6-m/libg_nano.a(lib_a-sbrkr.o)
                              /usr/lib/gcc/arm-none-eabi/4.9.3/../../../arm-none-eabi/lib/armv6-m/libg_nano.a(lib_a-nano-mallocr.o) (_sbrk_r)
/usr/lib/gcc/arm-none-eabi/4.9.3/../../../arm-none-eabi/lib/armv6-m/libg_nano.a(lib_a-stdio.o)
                              /usr/lib/gcc/arm-none-eabi/4.9.3/../../../arm-none-eabi/lib/armv6-m/libg_nano.a(lib_a-findfp.o) (__sread)
/usr/lib/gcc/arm-none-eabi/4.9.3/../../../arm-none-eabi/lib/armv6-m/libg_nano.a(lib_a-writer.o)
                              /usr/lib/gcc/arm-none-eabi/4.9.3/../../../arm-none-eabi/lib/armv6-m/libg_nano.a(lib_a-stdio.o) (_write_r)
/usr/lib/gcc/arm-none-eabi/4.9.3/../../../arm-none-eabi/lib/armv6-m/libg_nano.a(lib_a-closer.o)
                              /usr/lib/gcc/arm-none-eabi/4.9.3/../../../arm-none-eabi/lib/armv6-m/libg_nano.a(lib_a-stdio.o) (_close_r)
[...]
Memory Configuration

Name             Origin             Length             Attributes
*default*        0x00000000         0xffffffff

Linker script and memory map

LOAD spinel_test-spinel.o
START GROUP
LOAD /usr/lib/gcc/arm-none-eabi/4.9.3/armv6-m/libgcc.a
LOAD /usr/lib/gcc/arm-none-eabi/4.9.3/../../../arm-none-eabi/lib/armv6-m/libg_nano.a
LOAD /usr/lib/gcc/arm-none-eabi/4.9.3/../../../arm-none-eabi/lib/armv6-m/libc_nano.a
END GROUP
START GROUP
LOAD /usr/lib/gcc/arm-none-eabi/4.9.3/armv6-m/libgcc.a
LOAD /usr/lib/gcc/arm-none-eabi/4.9.3/../../../arm-none-eabi/lib/armv6-m/libc_nano.a
LOAD /usr/lib/gcc/arm-none-eabi/4.9.3/../../../arm-none-eabi/lib/armv6-m/libnosys.a
END GROUP
START GROUP
LOAD /usr/lib/gcc/arm-none-eabi/4.9.3/armv6-m/libgcc.a
LOAD /usr/lib/gcc/arm-none-eabi/4.9.3/../../../arm-none-eabi/lib/armv6-m/libc_nano.a
LOAD /usr/lib/gcc/arm-none-eabi/4.9.3/../../../arm-none-eabi/lib/armv6-m/libnosys.a
END GROUP
                [!provide]                PROVIDE (__executable_start, 0x8000)
                0x00008000                . = 0x8000

.interp
 *(.interp)

.note.gnu.build-id
 *(.note.gnu.build-id)

.hash
 *(.hash)

.gnu.hash
 *(.gnu.hash)

.dynsym
 *(.dynsym)

.dynstr
 *(.dynstr)

.gnu.version
 *(.gnu.version)

.gnu.version_d
 *(.gnu.version_d)

.gnu.version_r
 *(.gnu.version_r)

.rel.dyn        0x00008000        0x0
 *(.rel.init)
 *(.rel.text .rel.text.* .rel.gnu.linkonce.t.*)
 *(.rel.fini)
 *(.rel.rodata .rel.rodata.* .rel.gnu.linkonce.r.*)
 *(.rel.data.rel.ro .rel.data.rel.ro.* .rel.gnu.linkonce.d.rel.ro.*)
 *(.rel.data .rel.data.* .rel.gnu.linkonce.d.*)
 *(.rel.tdata .rel.tdata.* .rel.gnu.linkonce.td.*)
 *(.rel.tbss .rel.tbss.* .rel.gnu.linkonce.tb.*)
 *(.rel.ctors)
 *(.rel.dtors)
 *(.rel.got)
 *(.rel.bss .rel.bss.* .rel.gnu.linkonce.b.*)
                [!provide]                PROVIDE (__rel_iplt_start, .)
 *(.rel.iplt)
 .rel.iplt      0x00008000        0x0 spinel_test-spinel.o
                [!provide]                PROVIDE (__rel_iplt_end, .)

.rela.dyn       0x00008000        0x0
 *(.rela.init)
 *(.rela.text .rela.text.* .rela.gnu.linkonce.t.*)
 *(.rela.fini)
 *(.rela.rodata .rela.rodata.* .rela.gnu.linkonce.r.*)
 *(.rela.data .rela.data.* .rela.gnu.linkonce.d.*)
 *(.rela.tdata .rela.tdata.* .rela.gnu.linkonce.td.*)
 *(.rela.tbss .rela.tbss.* .rela.gnu.linkonce.tb.*)
 *(.rela.ctors)
 *(.rela.dtors)
 *(.rela.got)
 *(.rela.bss .rela.bss.* .rela.gnu.linkonce.b.*)
                [!provide]                PROVIDE (__rela_iplt_start, .)
 *(.rela.iplt)
                [!provide]                PROVIDE (__rela_iplt_end, .)

.rel.plt
 *(.rel.plt)

.rela.plt
 *(.rela.plt)

.init
 *(SORT(.init))

.plt
 *(.plt)

.iplt           0x00008000        0x0
 *(.iplt)
 .iplt          0x00008000        0x0 spinel_test-spinel.o

.text           0x00008000        0x0
 *(.text.unlikely .text.*_unlikely .text.unlikely.*)
 *(.text.exit .text.exit.*)
 *(.text.startup .text.startup.*)
 *(.text.hot .text.hot.*)
 *(.text .stub .text.* .gnu.linkonce.t.*)
 *(.gnu.warning)
 *(.glue_7t)
 .glue_7t       0x00008000        0x0 linker stubs
 *(.glue_7)
 .glue_7        0x00008000        0x0 linker stubs
 *(.vfp11_veneer)
 .vfp11_veneer  0x00008000        0x0 linker stubs
 *(.v4_bx)
 .v4_bx         0x00008000        0x0 linker stubs

.fini
 *(SORT(.fini))
                [!provide]                PROVIDE (__etext, .)
                [!provide]                PROVIDE (_etext, .)
                [!provide]                PROVIDE (etext, .)

.rodata
 *(.rodata .rodata.* .gnu.linkonce.r.*)

.rodata1
 *(.rodata1)

.ARM.extab
 *(.ARM.extab* .gnu.linkonce.armextab.*)
                [!provide]                PROVIDE (__exidx_start, .)

.ARM.exidx
 *(.ARM.exidx* .gnu.linkonce.armexidx.*)
                [!provide]                PROVIDE (__exidx_end, .)

.eh_frame_hdr
 *(.eh_frame_hdr)
 *(.eh_frame_entry .eh_frame_entry.*)

.eh_frame       0x00008000        0x0
 *(.eh_frame)
 .eh_frame      0x00008000        0x0 /usr/lib/gcc/arm-none-eabi/4.9.3/../../../arm-none-eabi/lib/armv6-m/libg_nano.a(lib_a-strcmp.o)
                                 0x28 (size before relaxing)
 *(.eh_frame.*)

.gcc_except_table
 *(.gcc_except_table .gcc_except_table.*)

.gnu_extab
 *(.gnu_extab*)

.exception_ranges
 *(.exception_ranges .exception_ranges*)
                0x00018000                . = (ALIGN (0x10000) + (. & 0xffff))

.eh_frame
 *(.eh_frame)
 *(.eh_frame.*)

.gnu_extab
 *(.gnu_extab)

.gcc_except_table
 *(.gcc_except_table .gcc_except_table.*)

.exception_ranges
 *(.exception_ranges .exception_ranges*)

.tdata
 *(.tdata .tdata.* .gnu.linkonce.td.*)

.tbss
 *(.tbss .tbss.* .gnu.linkonce.tb.*)
 *(.tcommon)

.preinit_array  0x00018000        0x0
                [!provide]                PROVIDE (__preinit_array_start, .)
 *(.preinit_array)
                [!provide]                PROVIDE (__preinit_array_end, .)

.init_array     0x00018000        0x0
                [!provide]                PROVIDE (__init_array_start, .)
 *(SORT(.init_array.*))
 *(.init_array)
                [!provide]                PROVIDE (__init_array_end, .)

.fini_array     0x00018000        0x0
                [!provide]                PROVIDE (__fini_array_start, .)
 *(SORT(.fini_array.*))
 *(.fini_array)
                [!provide]                PROVIDE (__fini_array_end, .)

.ctors
 *crtbegin.o(.ctors)
 *crtbegin?.o(.ctors)
 *(EXCLUDE_FILE(*crtend?.o *crtend.o) .ctors)
 *(SORT(.ctors.*))
 *(.ctors)

.dtors
 *crtbegin.o(.dtors)
 *crtbegin?.o(.dtors)
 *(EXCLUDE_FILE(*crtend?.o *crtend.o) .dtors)
 *(SORT(.dtors.*))
 *(.dtors)

.jcr
 *(.jcr)

.data.rel.ro
 *(.data.rel.ro.local* .gnu.linkonce.d.rel.ro.local.*)
 *(.data.rel.ro .data.rel.ro.* .gnu.linkonce.d.rel.ro.*)

.dynamic
 *(.dynamic)

.got            0x00018000        0x0
 *(.got.plt)
 *(.igot.plt)
 .igot.plt      0x00018000        0x0 spinel_test-spinel.o
 *(.got)
 *(.igot)

.data           0x00018000        0x0
                0x00018000                __data_start = .
 *(.data .data.* .gnu.linkonce.d.*)

.data1
 *(.data1)
                0x00018000                _edata = .
                [!provide]                PROVIDE (edata, .)
                0x00018000                . = .
                0x00018000                __bss_start = .
                0x00018000                __bss_start__ = .

.bss            0x00018000        0x0
 *(.dynbss)
 *(.bss .bss.* .gnu.linkonce.b.*)
 *(COMMON)
                0x00018000                . = ALIGN ((. != 0x0)?0x4:0x1)
                0x00018000                _bss_end__ = .
                0x00018000                __bss_end__ = .
                0x00018000                . = ALIGN (0x4)
                0x00018000                . = SEGMENT_START ("ldata-segment", .)
                0x00018000                . = ALIGN (0x4)
                0x00018000                __end__ = .
                0x00018000                _end = .
                0x00018000                PROVIDE (end, .)

.stab           0x00000000       0x9c
 *(.stab)
 .stab          0x00000000       0x24 /usr/lib/gcc/arm-none-eabi/4.9.3/../../../arm-none-eabi/lib/armv6-m/libnosys.a(close.o)
 .stab          0x00000024       0x18 /usr/lib/gcc/arm-none-eabi/4.9.3/../../../arm-none-eabi/lib/armv6-m/libnosys.a(fstat.o)
                                 0x24 (size before relaxing)
 .stab          0x0000003c       0x18 /usr/lib/gcc/arm-none-eabi/4.9.3/../../../arm-none-eabi/lib/armv6-m/libnosys.a(isatty.o)
                                 0x24 (size before relaxing)
 .stab          0x00000054       0x18 /usr/lib/gcc/arm-none-eabi/4.9.3/../../../arm-none-eabi/lib/armv6-m/libnosys.a(lseek.o)
                                 0x24 (size before relaxing)
 .stab          0x0000006c       0x18 /usr/lib/gcc/arm-none-eabi/4.9.3/../../../arm-none-eabi/lib/armv6-m/libnosys.a(read.o)
                                 0x24 (size before relaxing)
 .stab          0x00000084       0x18 /usr/lib/gcc/arm-none-eabi/4.9.3/../../../arm-none-eabi/lib/armv6-m/libnosys.a(write.o)
                                 0x24 (size before relaxing)

.stabstr        0x00000000      0x14d
 *(.stabstr)
 .stabstr       0x00000000      0x14d /usr/lib/gcc/arm-none-eabi/4.9.3/../../../arm-none-eabi/lib/armv6-m/libnosys.a(close.o)

.stab.excl
 *(.stab.excl)

.stab.exclstr
 *(.stab.exclstr)

.stab.index
 *(.stab.index)

.stab.indexstr
 *(.stab.indexstr)

.comment        0x00000000       0x70
 *(.comment)
 .comment       0x00000000       0x38 spinel_test-spinel.o
                                 0x39 (size before relaxing)
 .comment       0x00000038       0x38 /usr/lib/gcc/arm-none-eabi/4.9.3/../../../arm-none-eabi/lib/armv6-m/libg_nano.a(lib_a-errno.o)
                                 0x39 (size before relaxing)
 .comment       0x00000070       0x39 /usr/lib/gcc/arm-none-eabi/4.9.3/../../../arm-none-eabi/lib/armv6-m/libg_nano.a(lib_a-impure.o)
 .comment       0x00000070       0x39 /usr/lib/gcc/arm-none-eabi/4.9.3/../../../arm-none-eabi/lib/armv6-m/libg_nano.a(lib_a-memcmp.o)
 .comment       0x00000070       0x39 /usr/lib/gcc/arm-none-eabi/4.9.3/../../../arm-none-eabi/lib/armv6-m/libg_nano.a(lib_a-memcpy.o)
 .comment       0x00000070       0x39 /usr/lib/gcc/arm-none-eabi/4.9.3/../../../arm-none-eabi/lib/armv6-m/libg_nano.a(lib_a-memset.o)
 .comment       0x00000070       0x39 /usr/lib/gcc/arm-none-eabi/4.9.3/../../../arm-none-eabi/lib/armv6-m/libg_nano.a(lib_a-printf.o)
 .comment       0x00000070       0x39 /usr/lib/gcc/arm-none-eabi/4.9.3/../../../arm-none-eabi/lib/armv6-m/libg_nano.a(lib_a-puts.o)
 .comment       0x00000070       0x39 /usr/lib/gcc/arm-none-eabi/4.9.3/../../../arm-none-eabi/lib/armv6-m/libg_nano.a(lib_a-strlen.o)
 .comment       0x00000070       0x39 /usr/lib/gcc/arm-none-eabi/4.9.3/../../../arm-none-eabi/lib/armv6-m/libg_nano.a(lib_a-strnlen.o)
 .comment       0x00000070       0x39 /usr/lib/gcc/arm-none-eabi/4.9.3/../../../arm-none-eabi/lib/armv6-m/libg_nano.a(lib_a-wbuf.o)
 .comment       0x00000070       0x39 /usr/lib/gcc/arm-none-eabi/4.9.3/../../../arm-none-eabi/lib/armv6-m/libg_nano.a(lib_a-wsetup.o)
 .comment       0x00000070       0x39 /usr/lib/gcc/arm-none-eabi/4.9.3/../../../arm-none-eabi/lib/armv6-m/libg_nano.a(lib_a-fflush.o)
 .comment       0x00000070       0x39 /usr/lib/gcc/arm-none-eabi/4.9.3/../../../arm-none-eabi/lib/armv6-m/libg_nano.a(lib_a-findfp.o)
 .comment       0x00000070       0x39 /usr/lib/gcc/arm-none-eabi/4.9.3/../../../arm-none-eabi/lib/armv6-m/libg_nano.a(lib_a-fwalk.o)
 .comment       0x00000070       0x39 /usr/lib/gcc/arm-none-eabi/4.9.3/../../../arm-none-eabi/lib/armv6-m/libg_nano.a(lib_a-makebuf.o)
 .comment       0x00000070       0x39 /usr/lib/gcc/arm-none-eabi/4.9.3/../../../arm-none-eabi/lib/armv6-m/libg_nano.a(lib_a-nano-freer.o)
 .comment       0x00000070       0x39 /usr/lib/gcc/arm-none-eabi/4.9.3/../../../arm-none-eabi/lib/armv6-m/libg_nano.a(lib_a-nano-mallocr.o)
 .comment       0x00000070       0x39 /usr/lib/gcc/arm-none-eabi/4.9.3/../../../arm-none-eabi/lib/armv6-m/libg_nano.a(lib_a-nano-vfprintf.o)
 .comment       0x00000070       0x39 /usr/lib/gcc/arm-none-eabi/4.9.3/../../../arm-none-eabi/lib/armv6-m/libg_nano.a(lib_a-nano-vfprintf_i.o)
 .comment       0x00000070       0x39 /usr/lib/gcc/arm-none-eabi/4.9.3/../../../arm-none-eabi/lib/armv6-m/libg_nano.a(lib_a-sbrkr.o)
 .comment       0x00000070       0x39 /usr/lib/gcc/arm-none-eabi/4.9.3/../../../arm-none-eabi/lib/armv6-m/libg_nano.a(lib_a-stdio.o)
 .comment       0x00000070       0x39 /usr/lib/gcc/arm-none-eabi/4.9.3/../../../arm-none-eabi/lib/armv6-m/libg_nano.a(lib_a-writer.o)
 .comment       0x00000070       0x39 /usr/lib/gcc/arm-none-eabi/4.9.3/../../../arm-none-eabi/lib/armv6-m/libg_nano.a(lib_a-closer.o)
 .comment       0x00000070       0x39 /usr/lib/gcc/arm-none-eabi/4.9.3/../../../arm-none-eabi/lib/armv6-m/libg_nano.a(lib_a-fstatr.o)
 .comment       0x00000070       0x39 /usr/lib/gcc/arm-none-eabi/4.9.3/../../../arm-none-eabi/lib/armv6-m/libg_nano.a(lib_a-fvwrite.o)
 .comment       0x00000070       0x39 /usr/lib/gcc/arm-none-eabi/4.9.3/../../../arm-none-eabi/lib/armv6-m/libg_nano.a(lib_a-isattyr.o)
 .comment       0x00000070       0x39 /usr/lib/gcc/arm-none-eabi/4.9.3/../../../arm-none-eabi/lib/armv6-m/libg_nano.a(lib_a-lseekr.o)
 .comment       0x00000070       0x39 /usr/lib/gcc/arm-none-eabi/4.9.3/../../../arm-none-eabi/lib/armv6-m/libg_nano.a(lib_a-memchr.o)
 .comment       0x00000070       0x39 /usr/lib/gcc/arm-none-eabi/4.9.3/../../../arm-none-eabi/lib/armv6-m/libg_nano.a(lib_a-memmove.o)
 .comment       0x00000070       0x39 /usr/lib/gcc/arm-none-eabi/4.9.3/../../../arm-none-eabi/lib/armv6-m/libg_nano.a(lib_a-nano-reallocr.o)
 .comment       0x00000070       0x39 /usr/lib/gcc/arm-none-eabi/4.9.3/../../../arm-none-eabi/lib/armv6-m/libg_nano.a(lib_a-readr.o)
 .comment       0x00000070       0x39 /usr/lib/gcc/arm-none-eabi/4.9.3/../../../arm-none-eabi/lib/armv6-m/libg_nano.a(lib_a-reent.o)
 .comment       0x00000070       0x39 /usr/lib/gcc/arm-none-eabi/4.9.3/../../../arm-none-eabi/lib/armv6-m/libg_nano.a(lib_a-nano-msizer.o)
 .comment       0x00000070       0x39 /usr/lib/gcc/arm-none-eabi/4.9.3/../../../arm-none-eabi/lib/armv6-m/libnosys.a(close.o)
 .comment       0x00000070       0x39 /usr/lib/gcc/arm-none-eabi/4.9.3/../../../arm-none-eabi/lib/armv6-m/libnosys.a(fstat.o)
 .comment       0x00000070       0x39 /usr/lib/gcc/arm-none-eabi/4.9.3/../../../arm-none-eabi/lib/armv6-m/libnosys.a(isatty.o)
 .comment       0x00000070       0x39 /usr/lib/gcc/arm-none-eabi/4.9.3/../../../arm-none-eabi/lib/armv6-m/libnosys.a(lseek.o)
 .comment       0x00000070       0x39 /usr/lib/gcc/arm-none-eabi/4.9.3/../../../arm-none-eabi/lib/armv6-m/libnosys.a(read.o)
 .comment       0x00000070       0x39 /usr/lib/gcc/arm-none-eabi/4.9.3/../../../arm-none-eabi/lib/armv6-m/libnosys.a(sbrk.o)
 .comment       0x00000070       0x39 /usr/lib/gcc/arm-none-eabi/4.9.3/../../../arm-none-eabi/lib/armv6-m/libnosys.a(write.o)

.debug
 *(.debug)

.line
 *(.line)

.debug_srcinfo
 *(.debug_srcinfo)

.debug_sfnames
 *(.debug_sfnames)

.debug_aranges  0x00000000      0x700
 *(.debug_aranges)
 .debug_aranges
                0x00000000       0xa0 spinel_test-spinel.o
 .debug_aranges
                0x000000a0       0x20 /usr/lib/gcc/arm-none-eabi/4.9.3/../../../arm-none-eabi/lib/armv6-m/libg_nano.a(lib_a-errno.o)
 .debug_aranges
                0x000000c0       0x18 /usr/lib/gcc/arm-none-eabi/4.9.3/../../../arm-none-eabi/lib/armv6-m/libg_nano.a(lib_a-impure.o)
 .debug_aranges
                0x000000d8       0x20 /usr/lib/gcc/arm-none-eabi/4.9.3/../../../arm-none-eabi/lib/armv6-m/libg_nano.a(lib_a-memcmp.o)
 .debug_aranges
                0x000000f8       0x20 /usr/lib/gcc/arm-none-eabi/4.9.3/../../../arm-none-eabi/lib/armv6-m/libg_nano.a(lib_a-memcpy.o)
 .debug_aranges
                0x00000118       0x20 /usr/lib/gcc/arm-none-eabi/4.9.3/../../../arm-none-eabi/lib/armv6-m/libg_nano.a(lib_a-memset.o)
 .debug_aranges
                0x00000138       0x28 /usr/lib/gcc/arm-none-eabi/4.9.3/../../../arm-none-eabi/lib/armv6-m/libg_nano.a(lib_a-printf.o)
 .debug_aranges
                0x00000160       0x28 /usr/lib/gcc/arm-none-eabi/4.9.3/../../../arm-none-eabi/lib/armv6-m/libg_nano.a(lib_a-puts.o)
 .debug_aranges
                0x00000188       0x20 /usr/lib/gcc/arm-none-eabi/4.9.3/../../../arm-none-eabi/lib/armv6-m/libg_nano.a(lib_a-strcmp.o)
 .debug_aranges
                0x000001a8       0x20 /usr/lib/gcc/arm-none-eabi/4.9.3/../../../arm-none-eabi/lib/armv6-m/libg_nano.a(lib_a-strlen.o)
 .debug_aranges
                0x000001c8       0x20 /usr/lib/gcc/arm-none-eabi/4.9.3/../../../arm-none-eabi/lib/armv6-m/libg_nano.a(lib_a-strnlen.o)
 .debug_aranges
                0x000001e8       0x28 /usr/lib/gcc/arm-none-eabi/4.9.3/../../../arm-none-eabi/lib/armv6-m/libg_nano.a(lib_a-wbuf.o)
 .debug_aranges
                0x00000210       0x20 /usr/lib/gcc/arm-none-eabi/4.9.3/../../../arm-none-eabi/lib/armv6-m/libg_nano.a(lib_a-wsetup.o)
 .debug_aranges
                0x00000230       0x30 /usr/lib/gcc/arm-none-eabi/4.9.3/../../../arm-none-eabi/lib/armv6-m/libg_nano.a(lib_a-fflush.o)
 .debug_aranges
                0x00000260       0x88 /usr/lib/gcc/arm-none-eabi/4.9.3/../../../arm-none-eabi/lib/armv6-m/libg_nano.a(lib_a-findfp.o)
 .debug_aranges
                0x000002e8       0x28 /usr/lib/gcc/arm-none-eabi/4.9.3/../../../arm-none-eabi/lib/armv6-m/libg_nano.a(lib_a-fwalk.o)
 .debug_aranges
                0x00000310       0x20 /usr/lib/gcc/arm-none-eabi/4.9.3/../../../arm-none-eabi/lib/armv6-m/libg_nano.a(lib_a-makebuf.o)
 .debug_aranges
                0x00000330       0x20 /usr/lib/gcc/arm-none-eabi/4.9.3/../../../arm-none-eabi/lib/armv6-m/libg_nano.a(lib_a-nano-freer.o)
 .debug_aranges
                0x00000350       0x20 /usr/lib/gcc/arm-none-eabi/4.9.3/../../../arm-none-eabi/lib/armv6-m/libg_nano.a(lib_a-nano-mallocr.o)
 .debug_aranges
                0x00000370       0x40 /usr/lib/gcc/arm-none-eabi/4.9.3/../../../arm-none-eabi/lib/armv6-m/libg_nano.a(lib_a-nano-vfprintf.o)
 .debug_aranges
                0x000003b0       0x28 /usr/lib/gcc/arm-none-eabi/4.9.3/../../../arm-none-eabi/lib/armv6-m/libg_nano.a(lib_a-nano-vfprintf_i.o)
 .debug_aranges
                0x000003d8       0x20 /usr/lib/gcc/arm-none-eabi/4.9.3/../../../arm-none-eabi/lib/armv6-m/libg_nano.a(lib_a-sbrkr.o)
 .debug_aranges
                0x000003f8       0x40 /usr/lib/gcc/arm-none-eabi/4.9.3/../../../arm-none-eabi/lib/armv6-m/libg_nano.a(lib_a-stdio.o)
 .debug_aranges
                0x00000438       0x20 /usr/lib/gcc/arm-none-eabi/4.9.3/../../../arm-none-eabi/lib/armv6-m/libg_nano.a(lib_a-writer.o)
 .debug_aranges
                0x00000458       0x20 /usr/lib/gcc/arm-none-eabi/4.9.3/../../../arm-none-eabi/lib/armv6-m/libg_nano.a(lib_a-closer.o)
 .debug_aranges
                0x00000478       0x20 /usr/lib/gcc/arm-none-eabi/4.9.3/../../../arm-none-eabi/lib/armv6-m/libg_nano.a(lib_a-fstatr.o)
 .debug_aranges
                0x00000498       0x20 /usr/lib/gcc/arm-none-eabi/4.9.3/../../../arm-none-eabi/lib/armv6-m/libg_nano.a(lib_a-fvwrite.o)
 .debug_aranges
                0x000004b8       0x20 /usr/lib/gcc/arm-none-eabi/4.9.3/../../../arm-none-eabi/lib/armv6-m/libg_nano.a(lib_a-isattyr.o)
 .debug_aranges
                0x000004d8       0x20 /usr/lib/gcc/arm-none-eabi/4.9.3/../../../arm-none-eabi/lib/armv6-m/libg_nano.a(lib_a-lseekr.o)
 .debug_aranges
                0x000004f8       0x20 /usr/lib/gcc/arm-none-eabi/4.9.3/../../../arm-none-eabi/lib/armv6-m/libg_nano.a(lib_a-memchr.o)
 .debug_aranges
                0x00000518       0x20 /usr/lib/gcc/arm-none-eabi/4.9.3/../../../arm-none-eabi/lib/armv6-m/libg_nano.a(lib_a-memmove.o)
 .debug_aranges
                0x00000538       0x20 /usr/lib/gcc/arm-none-eabi/4.9.3/../../../arm-none-eabi/lib/armv6-m/libg_nano.a(lib_a-nano-reallocr.o)
 .debug_aranges
                0x00000558       0x20 /usr/lib/gcc/arm-none-eabi/4.9.3/../../../arm-none-eabi/lib/armv6-m/libg_nano.a(lib_a-readr.o)
 .debug_aranges
                0x00000578       0x28 /usr/lib/gcc/arm-none-eabi/4.9.3/../../../arm-none-eabi/lib/armv6-m/libg_nano.a(lib_a-reent.o)
 .debug_aranges
                0x000005a0       0x20 /usr/lib/gcc/arm-none-eabi/4.9.3/../../../arm-none-eabi/lib/armv6-m/libg_nano.a(lib_a-nano-msizer.o)
 .debug_aranges
                0x000005c0       0x20 /usr/lib/gcc/arm-none-eabi/4.9.3/armv6-m/libgcc.a(_udivsi3.o)
 .debug_aranges
                0x000005e0       0x20 /usr/lib/gcc/arm-none-eabi/4.9.3/armv6-m/libgcc.a(_divsi3.o)
 .debug_aranges
                0x00000600       0x20 /usr/lib/gcc/arm-none-eabi/4.9.3/armv6-m/libgcc.a(_dvmd_tls.o)
 .debug_aranges
                0x00000620       0x20 /usr/lib/gcc/arm-none-eabi/4.9.3/../../../arm-none-eabi/lib/armv6-m/libnosys.a(close.o)
 .debug_aranges
                0x00000640       0x20 /usr/lib/gcc/arm-none-eabi/4.9.3/../../../arm-none-eabi/lib/armv6-m/libnosys.a(fstat.o)
 .debug_aranges
                0x00000660       0x20 /usr/lib/gcc/arm-none-eabi/4.9.3/../../../arm-none-eabi/lib/armv6-m/libnosys.a(isatty.o)
 .debug_aranges
                0x00000680       0x20 /usr/lib/gcc/arm-none-eabi/4.9.3/../../../arm-none-eabi/lib/armv6-m/libnosys.a(lseek.o)
 .debug_aranges
                0x000006a0       0x20 /usr/lib/gcc/arm-none-eabi/4.9.3/../../../arm-none-eabi/lib/armv6-m/libnosys.a(read.o)
 .debug_aranges
                0x000006c0       0x20 /usr/lib/gcc/arm-none-eabi/4.9.3/../../../arm-none-eabi/lib/armv6-m/libnosys.a(sbrk.o)
 .debug_aranges
                0x000006e0       0x20 /usr/lib/gcc/arm-none-eabi/4.9.3/../../../arm-none-eabi/lib/armv6-m/libnosys.a(write.o)

.debug_pubnames
 *(.debug_pubnames)

.debug_info     0x00000000    0x11d6b
 *(.debug_info .gnu.linkonce.wi.*)
 .debug_info    0x00000000     0x2184 spinel_test-spinel.o
 .debug_info    0x00002184      0x735 /usr/lib/gcc/arm-none-eabi/4.9.3/../../../arm-none-eabi/lib/armv6-m/libg_nano.a(lib_a-errno.o)
 .debug_info    0x000028b9      0x7d3 /usr/lib/gcc/arm-none-eabi/4.9.3/../../../arm-none-eabi/lib/armv6-m/libg_nano.a(lib_a-impure.o)
 .debug_info    0x0000308c       0xef /usr/lib/gcc/arm-none-eabi/4.9.3/../../../arm-none-eabi/lib/armv6-m/libg_nano.a(lib_a-memcmp.o)
 .debug_info    0x0000317b      0x102 /usr/lib/gcc/arm-none-eabi/4.9.3/../../../arm-none-eabi/lib/armv6-m/libg_nano.a(lib_a-memcpy.o)
 .debug_info    0x0000327d       0xd3 /usr/lib/gcc/arm-none-eabi/4.9.3/../../../arm-none-eabi/lib/armv6-m/libg_nano.a(lib_a-memset.o)
 .debug_info    0x00003350      0x895 /usr/lib/gcc/arm-none-eabi/4.9.3/../../../arm-none-eabi/lib/armv6-m/libg_nano.a(lib_a-printf.o)
 .debug_info    0x00003be5      0x92a /usr/lib/gcc/arm-none-eabi/4.9.3/../../../arm-none-eabi/lib/armv6-m/libg_nano.a(lib_a-puts.o)
 .debug_info    0x0000450f       0xd2 /usr/lib/gcc/arm-none-eabi/4.9.3/../../../arm-none-eabi/lib/armv6-m/libg_nano.a(lib_a-strcmp.o)
 .debug_info    0x000045e1       0xcd /usr/lib/gcc/arm-none-eabi/4.9.3/../../../arm-none-eabi/lib/armv6-m/libg_nano.a(lib_a-strlen.o)
 .debug_info    0x000046ae       0xd1 /usr/lib/gcc/arm-none-eabi/4.9.3/../../../arm-none-eabi/lib/armv6-m/libg_nano.a(lib_a-strnlen.o)
 .debug_info    0x0000477f      0x916 /usr/lib/gcc/arm-none-eabi/4.9.3/../../../arm-none-eabi/lib/armv6-m/libg_nano.a(lib_a-wbuf.o)
 .debug_info    0x00005095      0x881 /usr/lib/gcc/arm-none-eabi/4.9.3/../../../arm-none-eabi/lib/armv6-m/libg_nano.a(lib_a-wsetup.o)
 .debug_info    0x00005916      0xa06 /usr/lib/gcc/arm-none-eabi/4.9.3/../../../arm-none-eabi/lib/armv6-m/libg_nano.a(lib_a-fflush.o)
 .debug_info    0x0000631c      0xd5a /usr/lib/gcc/arm-none-eabi/4.9.3/../../../arm-none-eabi/lib/armv6-m/libg_nano.a(lib_a-findfp.o)
 .debug_info    0x00007076      0x852 /usr/lib/gcc/arm-none-eabi/4.9.3/../../../arm-none-eabi/lib/armv6-m/libg_nano.a(lib_a-fwalk.o)
 .debug_info    0x000078c8      0x98c /usr/lib/gcc/arm-none-eabi/4.9.3/../../../arm-none-eabi/lib/armv6-m/libg_nano.a(lib_a-makebuf.o)
 .debug_info    0x00008254      0x81e /usr/lib/gcc/arm-none-eabi/4.9.3/../../../arm-none-eabi/lib/armv6-m/libg_nano.a(lib_a-nano-freer.o)
 .debug_info    0x00008a72      0x8f9 /usr/lib/gcc/arm-none-eabi/4.9.3/../../../arm-none-eabi/lib/armv6-m/libg_nano.a(lib_a-nano-mallocr.o)
 .debug_info    0x0000936b      0xe14 /usr/lib/gcc/arm-none-eabi/4.9.3/../../../arm-none-eabi/lib/armv6-m/libg_nano.a(lib_a-nano-vfprintf.o)
 .debug_info    0x0000a17f      0xb77 /usr/lib/gcc/arm-none-eabi/4.9.3/../../../arm-none-eabi/lib/armv6-m/libg_nano.a(lib_a-nano-vfprintf_i.o)
 .debug_info    0x0000acf6      0x7a0 /usr/lib/gcc/arm-none-eabi/4.9.3/../../../arm-none-eabi/lib/armv6-m/libg_nano.a(lib_a-sbrkr.o)
 .debug_info    0x0000b496      0xa35 /usr/lib/gcc/arm-none-eabi/4.9.3/../../../arm-none-eabi/lib/armv6-m/libg_nano.a(lib_a-stdio.o)
 .debug_info    0x0000becb      0x7d5 /usr/lib/gcc/arm-none-eabi/4.9.3/../../../arm-none-eabi/lib/armv6-m/libg_nano.a(lib_a-writer.o)
 .debug_info    0x0000c6a0      0x78c /usr/lib/gcc/arm-none-eabi/4.9.3/../../../arm-none-eabi/lib/armv6-m/libg_nano.a(lib_a-closer.o)
 .debug_info    0x0000ce2c      0x90a /usr/lib/gcc/arm-none-eabi/4.9.3/../../../arm-none-eabi/lib/armv6-m/libg_nano.a(lib_a-fstatr.o)
 .debug_info    0x0000d736      0xb0e /usr/lib/gcc/arm-none-eabi/4.9.3/../../../arm-none-eabi/lib/armv6-m/libg_nano.a(lib_a-fvwrite.o)
 .debug_info    0x0000e244      0x78c /usr/lib/gcc/arm-none-eabi/4.9.3/../../../arm-none-eabi/lib/armv6-m/libg_nano.a(lib_a-isattyr.o)
 .debug_info    0x0000e9d0      0x7b8 /usr/lib/gcc/arm-none-eabi/4.9.3/../../../arm-none-eabi/lib/armv6-m/libg_nano.a(lib_a-lseekr.o)
 .debug_info    0x0000f188       0xf8 /usr/lib/gcc/arm-none-eabi/4.9.3/../../../arm-none-eabi/lib/armv6-m/libg_nano.a(lib_a-memchr.o)
 .debug_info    0x0000f280      0x102 /usr/lib/gcc/arm-none-eabi/4.9.3/../../../arm-none-eabi/lib/armv6-m/libg_nano.a(lib_a-memmove.o)
 .debug_info    0x0000f382      0x8b3 /usr/lib/gcc/arm-none-eabi/4.9.3/../../../arm-none-eabi/lib/armv6-m/libg_nano.a(lib_a-nano-reallocr.o)
 .debug_info    0x0000fc35      0x7ce /usr/lib/gcc/arm-none-eabi/4.9.3/../../../arm-none-eabi/lib/armv6-m/libg_nano.a(lib_a-readr.o)
 .debug_info    0x00010403      0x8f8 /usr/lib/gcc/arm-none-eabi/4.9.3/../../../arm-none-eabi/lib/armv6-m/libg_nano.a(lib_a-reent.o)
 .debug_info    0x00010cfb      0x7b7 /usr/lib/gcc/arm-none-eabi/4.9.3/../../../arm-none-eabi/lib/armv6-m/libg_nano.a(lib_a-nano-msizer.o)
 .debug_info    0x000114b2       0xb9 /usr/lib/gcc/arm-none-eabi/4.9.3/armv6-m/libgcc.a(_udivsi3.o)
 .debug_info    0x0001156b       0xb9 /usr/lib/gcc/arm-none-eabi/4.9.3/armv6-m/libgcc.a(_divsi3.o)
 .debug_info    0x00011624       0xb9 /usr/lib/gcc/arm-none-eabi/4.9.3/armv6-m/libgcc.a(_dvmd_tls.o)
 .debug_info    0x000116dd       0xae /usr/lib/gcc/arm-none-eabi/4.9.3/../../../arm-none-eabi/lib/armv6-m/libnosys.a(close.o)
 .debug_info    0x0001178b      0x22d /usr/lib/gcc/arm-none-eabi/4.9.3/../../../arm-none-eabi/lib/armv6-m/libnosys.a(fstat.o)
 .debug_info    0x000119b8       0xae /usr/lib/gcc/arm-none-eabi/4.9.3/../../../arm-none-eabi/lib/armv6-m/libnosys.a(isatty.o)
 .debug_info    0x00011a66       0xca /usr/lib/gcc/arm-none-eabi/4.9.3/../../../arm-none-eabi/lib/armv6-m/libnosys.a(lseek.o)
 .debug_info    0x00011b30       0xd0 /usr/lib/gcc/arm-none-eabi/4.9.3/../../../arm-none-eabi/lib/armv6-m/libnosys.a(read.o)
 .debug_info    0x00011c00       0x9b /usr/lib/gcc/arm-none-eabi/4.9.3/../../../arm-none-eabi/lib/armv6-m/libnosys.a(sbrk.o)
 .debug_info    0x00011c9b       0xd0 /usr/lib/gcc/arm-none-eabi/4.9.3/../../../arm-none-eabi/lib/armv6-m/libnosys.a(write.o)

.debug_abbrev   0x00000000     0x39d5
 *(.debug_abbrev)
 .debug_abbrev  0x00000000      0x312 spinel_test-spinel.o
 .debug_abbrev  0x00000312      0x134 /usr/lib/gcc/arm-none-eabi/4.9.3/../../../arm-none-eabi/lib/armv6-m/libg_nano.a(lib_a-errno.o)
 .debug_abbrev  0x00000446      0x136 /usr/lib/gcc/arm-none-eabi/4.9.3/../../../arm-none-eabi/lib/armv6-m/libg_nano.a(lib_a-impure.o)
 .debug_abbrev  0x0000057c       0x8e /usr/lib/gcc/arm-none-eabi/4.9.3/../../../arm-none-eabi/lib/armv6-m/libg_nano.a(lib_a-memcmp.o)
 .debug_abbrev  0x0000060a       0xa4 /usr/lib/gcc/arm-none-eabi/4.9.3/../../../arm-none-eabi/lib/armv6-m/libg_nano.a(lib_a-memcpy.o)
 .debug_abbrev  0x000006ae       0x8e /usr/lib/gcc/arm-none-eabi/4.9.3/../../../arm-none-eabi/lib/armv6-m/libg_nano.a(lib_a-memset.o)
 .debug_abbrev  0x0000073c      0x1ec /usr/lib/gcc/arm-none-eabi/4.9.3/../../../arm-none-eabi/lib/armv6-m/libg_nano.a(lib_a-printf.o)
 .debug_abbrev  0x00000928      0x1f4 /usr/lib/gcc/arm-none-eabi/4.9.3/../../../arm-none-eabi/lib/armv6-m/libg_nano.a(lib_a-puts.o)
 .debug_abbrev  0x00000b1c       0x14 /usr/lib/gcc/arm-none-eabi/4.9.3/../../../arm-none-eabi/lib/armv6-m/libg_nano.a(lib_a-strcmp.o)
 .debug_abbrev  0x00000b30       0x8c /usr/lib/gcc/arm-none-eabi/4.9.3/../../../arm-none-eabi/lib/armv6-m/libg_nano.a(lib_a-strlen.o)
 .debug_abbrev  0x00000bbc       0x7f /usr/lib/gcc/arm-none-eabi/4.9.3/../../../arm-none-eabi/lib/armv6-m/libg_nano.a(lib_a-strnlen.o)
 .debug_abbrev  0x00000c3b      0x1e9 /usr/lib/gcc/arm-none-eabi/4.9.3/../../../arm-none-eabi/lib/armv6-m/libg_nano.a(lib_a-wbuf.o)
 .debug_abbrev  0x00000e24      0x1a5 /usr/lib/gcc/arm-none-eabi/4.9.3/../../../arm-none-eabi/lib/armv6-m/libg_nano.a(lib_a-wsetup.o)
 .debug_abbrev  0x00000fc9      0x23a /usr/lib/gcc/arm-none-eabi/4.9.3/../../../arm-none-eabi/lib/armv6-m/libg_nano.a(lib_a-fflush.o)
 .debug_abbrev  0x00001203      0x2ef /usr/lib/gcc/arm-none-eabi/4.9.3/../../../arm-none-eabi/lib/armv6-m/libg_nano.a(lib_a-findfp.o)
 .debug_abbrev  0x000014f2      0x16a /usr/lib/gcc/arm-none-eabi/4.9.3/../../../arm-none-eabi/lib/armv6-m/libg_nano.a(lib_a-fwalk.o)
 .debug_abbrev  0x0000165c      0x1ab /usr/lib/gcc/arm-none-eabi/4.9.3/../../../arm-none-eabi/lib/armv6-m/libg_nano.a(lib_a-makebuf.o)
 .debug_abbrev  0x00001807      0x1b8 /usr/lib/gcc/arm-none-eabi/4.9.3/../../../arm-none-eabi/lib/armv6-m/libg_nano.a(lib_a-nano-freer.o)
 .debug_abbrev  0x000019bf      0x248 /usr/lib/gcc/arm-none-eabi/4.9.3/../../../arm-none-eabi/lib/armv6-m/libg_nano.a(lib_a-nano-mallocr.o)
 .debug_abbrev  0x00001c07      0x27c /usr/lib/gcc/arm-none-eabi/4.9.3/../../../arm-none-eabi/lib/armv6-m/libg_nano.a(lib_a-nano-vfprintf.o)
 .debug_abbrev  0x00001e83      0x21a /usr/lib/gcc/arm-none-eabi/4.9.3/../../../arm-none-eabi/lib/armv6-m/libg_nano.a(lib_a-nano-vfprintf_i.o)
 .debug_abbrev  0x0000209d      0x1a2 /usr/lib/gcc/arm-none-eabi/4.9.3/../../../arm-none-eabi/lib/armv6-m/libg_nano.a(lib_a-sbrkr.o)
 .debug_abbrev  0x0000223f      0x1d0 /usr/lib/gcc/arm-none-eabi/4.9.3/../../../arm-none-eabi/lib/armv6-m/libg_nano.a(lib_a-stdio.o)
 .debug_abbrev  0x0000240f      0x199 /usr/lib/gcc/arm-none-eabi/4.9.3/../../../arm-none-eabi/lib/armv6-m/libg_nano.a(lib_a-writer.o)
 .debug_abbrev  0x000025a8      0x194 /usr/lib/gcc/arm-none-eabi/4.9.3/../../../arm-none-eabi/lib/armv6-m/libg_nano.a(lib_a-closer.o)
 .debug_abbrev  0x0000273c      0x1a3 /usr/lib/gcc/arm-none-eabi/4.9.3/../../../arm-none-eabi/lib/armv6-m/libg_nano.a(lib_a-fstatr.o)
 .debug_abbrev  0x000028df      0x1f1 /usr/lib/gcc/arm-none-eabi/4.9.3/../../../arm-none-eabi/lib/armv6-m/libg_nano.a(lib_a-fvwrite.o)
 .debug_abbrev  0x00002ad0      0x194 /usr/lib/gcc/arm-none-eabi/4.9.3/../../../arm-none-eabi/lib/armv6-m/libg_nano.a(lib_a-isattyr.o)
 .debug_abbrev  0x00002c64      0x1a3 /usr/lib/gcc/arm-none-eabi/4.9.3/../../../arm-none-eabi/lib/armv6-m/libg_nano.a(lib_a-lseekr.o)
 .debug_abbrev  0x00002e07       0xab /usr/lib/gcc/arm-none-eabi/4.9.3/../../../arm-none-eabi/lib/armv6-m/libg_nano.a(lib_a-memchr.o)
 .debug_abbrev  0x00002eb2       0x9c /usr/lib/gcc/arm-none-eabi/4.9.3/../../../arm-none-eabi/lib/armv6-m/libg_nano.a(lib_a-memmove.o)
 .debug_abbrev  0x00002f4e      0x1bb /usr/lib/gcc/arm-none-eabi/4.9.3/../../../arm-none-eabi/lib/armv6-m/libg_nano.a(lib_a-nano-reallocr.o)
 .debug_abbrev  0x00003109      0x194 /usr/lib/gcc/arm-none-eabi/4.9.3/../../../arm-none-eabi/lib/armv6-m/libg_nano.a(lib_a-readr.o)
 .debug_abbrev  0x0000329d      0x1e4 /usr/lib/gcc/arm-none-eabi/4.9.3/../../../arm-none-eabi/lib/armv6-m/libg_nano.a(lib_a-reent.o)
 .debug_abbrev  0x00003481      0x161 /usr/lib/gcc/arm-none-eabi/4.9.3/../../../arm-none-eabi/lib/armv6-m/libg_nano.a(lib_a-nano-msizer.o)
 .debug_abbrev  0x000035e2       0x14 /usr/lib/gcc/arm-none-eabi/4.9.3/armv6-m/libgcc.a(_udivsi3.o)
 .debug_abbrev  0x000035f6       0x14 /usr/lib/gcc/arm-none-eabi/4.9.3/armv6-m/libgcc.a(_divsi3.o)
 .debug_abbrev  0x0000360a       0x14 /usr/lib/gcc/arm-none-eabi/4.9.3/armv6-m/libgcc.a(_dvmd_tls.o)
 .debug_abbrev  0x0000361e       0x66 /usr/lib/gcc/arm-none-eabi/4.9.3/../../../arm-none-eabi/lib/armv6-m/libnosys.a(close.o)
 .debug_abbrev  0x00003684       0xbb /usr/lib/gcc/arm-none-eabi/4.9.3/../../../arm-none-eabi/lib/armv6-m/libnosys.a(fstat.o)
 .debug_abbrev  0x0000373f       0x66 /usr/lib/gcc/arm-none-eabi/4.9.3/../../../arm-none-eabi/lib/armv6-m/libnosys.a(isatty.o)
 .debug_abbrev  0x000037a5       0x84 /usr/lib/gcc/arm-none-eabi/4.9.3/../../../arm-none-eabi/lib/armv6-m/libnosys.a(lseek.o)
 .debug_abbrev  0x00003829       0x8d /usr/lib/gcc/arm-none-eabi/4.9.3/../../../arm-none-eabi/lib/armv6-m/libnosys.a(read.o)
 .debug_abbrev  0x000038b6       0x92 /usr/lib/gcc/arm-none-eabi/4.9.3/../../../arm-none-eabi/lib/armv6-m/libnosys.a(sbrk.o)
 .debug_abbrev  0x00003948       0x8d /usr/lib/gcc/arm-none-eabi/4.9.3/../../../arm-none-eabi/lib/armv6-m/libnosys.a(write.o)

.debug_line     0x00000000     0x4406
 *(.debug_line .debug_line.* .debug_line_end)
 .debug_line    0x00000000      0xbd6 spinel_test-spinel.o
 .debug_line    0x00000bd6      0x10e /usr/lib/gcc/arm-none-eabi/4.9.3/../../../arm-none-eabi/lib/armv6-m/libg_nano.a(lib_a-errno.o)
 .debug_line    0x00000ce4       0xf1 /usr/lib/gcc/arm-none-eabi/4.9.3/../../../arm-none-eabi/lib/armv6-m/libg_nano.a(lib_a-impure.o)
 .debug_line    0x00000dd5       0xef /usr/lib/gcc/arm-none-eabi/4.9.3/../../../arm-none-eabi/lib/armv6-m/libg_nano.a(lib_a-memcmp.o)
 .debug_line    0x00000ec4       0xf1 /usr/lib/gcc/arm-none-eabi/4.9.3/../../../arm-none-eabi/lib/armv6-m/libg_nano.a(lib_a-memcpy.o)
 .debug_line    0x00000fb5       0xed /usr/lib/gcc/arm-none-eabi/4.9.3/../../../arm-none-eabi/lib/armv6-m/libg_nano.a(lib_a-memset.o)
 .debug_line    0x000010a2      0x1a8 /usr/lib/gcc/arm-none-eabi/4.9.3/../../../arm-none-eabi/lib/armv6-m/libg_nano.a(lib_a-printf.o)
 .debug_line    0x0000124a      0x1f9 /usr/lib/gcc/arm-none-eabi/4.9.3/../../../arm-none-eabi/lib/armv6-m/libg_nano.a(lib_a-puts.o)
 .debug_line    0x00001443       0x75 /usr/lib/gcc/arm-none-eabi/4.9.3/../../../arm-none-eabi/lib/armv6-m/libg_nano.a(lib_a-strcmp.o)
 .debug_line    0x000014b8       0xfa /usr/lib/gcc/arm-none-eabi/4.9.3/../../../arm-none-eabi/lib/armv6-m/libg_nano.a(lib_a-strlen.o)
 .debug_line    0x000015b2       0xf4 /usr/lib/gcc/arm-none-eabi/4.9.3/../../../arm-none-eabi/lib/armv6-m/libg_nano.a(lib_a-strnlen.o)
 .debug_line    0x000016a6      0x1e9 /usr/lib/gcc/arm-none-eabi/4.9.3/../../../arm-none-eabi/lib/armv6-m/libg_nano.a(lib_a-wbuf.o)
 .debug_line    0x0000188f      0x1d6 /usr/lib/gcc/arm-none-eabi/4.9.3/../../../arm-none-eabi/lib/armv6-m/libg_nano.a(lib_a-wsetup.o)
 .debug_line    0x00001a65      0x253 /usr/lib/gcc/arm-none-eabi/4.9.3/../../../arm-none-eabi/lib/armv6-m/libg_nano.a(lib_a-fflush.o)
 .debug_line    0x00001cb8      0x2e0 /usr/lib/gcc/arm-none-eabi/4.9.3/../../../arm-none-eabi/lib/armv6-m/libg_nano.a(lib_a-findfp.o)
 .debug_line    0x00001f98      0x1bb /usr/lib/gcc/arm-none-eabi/4.9.3/../../../arm-none-eabi/lib/armv6-m/libg_nano.a(lib_a-fwalk.o)
 .debug_line    0x00002153      0x1b4 /usr/lib/gcc/arm-none-eabi/4.9.3/../../../arm-none-eabi/lib/armv6-m/libg_nano.a(lib_a-makebuf.o)
 .debug_line    0x00002307      0x140 /usr/lib/gcc/arm-none-eabi/4.9.3/../../../arm-none-eabi/lib/armv6-m/libg_nano.a(lib_a-nano-freer.o)
 .debug_line    0x00002447      0x19a /usr/lib/gcc/arm-none-eabi/4.9.3/../../../arm-none-eabi/lib/armv6-m/libg_nano.a(lib_a-nano-mallocr.o)
 .debug_line    0x000025e1      0x2ee /usr/lib/gcc/arm-none-eabi/4.9.3/../../../arm-none-eabi/lib/armv6-m/libg_nano.a(lib_a-nano-vfprintf.o)
 .debug_line    0x000028cf      0x2fd /usr/lib/gcc/arm-none-eabi/4.9.3/../../../arm-none-eabi/lib/armv6-m/libg_nano.a(lib_a-nano-vfprintf_i.o)
 .debug_line    0x00002bcc      0x162 /usr/lib/gcc/arm-none-eabi/4.9.3/../../../arm-none-eabi/lib/armv6-m/libg_nano.a(lib_a-sbrkr.o)
 .debug_line    0x00002d2e      0x1cc /usr/lib/gcc/arm-none-eabi/4.9.3/../../../arm-none-eabi/lib/armv6-m/libg_nano.a(lib_a-stdio.o)
 .debug_line    0x00002efa      0x161 /usr/lib/gcc/arm-none-eabi/4.9.3/../../../arm-none-eabi/lib/armv6-m/libg_nano.a(lib_a-writer.o)
 .debug_line    0x0000305b      0x163 /usr/lib/gcc/arm-none-eabi/4.9.3/../../../arm-none-eabi/lib/armv6-m/libg_nano.a(lib_a-closer.o)
 .debug_line    0x000031be      0x178 /usr/lib/gcc/arm-none-eabi/4.9.3/../../../arm-none-eabi/lib/armv6-m/libg_nano.a(lib_a-fstatr.o)
 .debug_line    0x00003336      0x275 /usr/lib/gcc/arm-none-eabi/4.9.3/../../../arm-none-eabi/lib/armv6-m/libg_nano.a(lib_a-fvwrite.o)
 .debug_line    0x000035ab      0x164 /usr/lib/gcc/arm-none-eabi/4.9.3/../../../arm-none-eabi/lib/armv6-m/libg_nano.a(lib_a-isattyr.o)
 .debug_line    0x0000370f      0x161 /usr/lib/gcc/arm-none-eabi/4.9.3/../../../arm-none-eabi/lib/armv6-m/libg_nano.a(lib_a-lseekr.o)
 .debug_line    0x00003870       0xf1 /usr/lib/gcc/arm-none-eabi/4.9.3/../../../arm-none-eabi/lib/armv6-m/libg_nano.a(lib_a-memchr.o)
 .debug_line    0x00003961       0xf8 /usr/lib/gcc/arm-none-eabi/4.9.3/../../../arm-none-eabi/lib/armv6-m/libg_nano.a(lib_a-memmove.o)
 .debug_line    0x00003a59      0x170 /usr/lib/gcc/arm-none-eabi/4.9.3/../../../arm-none-eabi/lib/armv6-m/libg_nano.a(lib_a-nano-reallocr.o)
 .debug_line    0x00003bc9      0x160 /usr/lib/gcc/arm-none-eabi/4.9.3/../../../arm-none-eabi/lib/armv6-m/libg_nano.a(lib_a-readr.o)
 .debug_line    0x00003d29      0x198 /usr/lib/gcc/arm-none-eabi/4.9.3/../../../arm-none-eabi/lib/armv6-m/libg_nano.a(lib_a-reent.o)
 .debug_line    0x00003ec1      0x10f /usr/lib/gcc/arm-none-eabi/4.9.3/../../../arm-none-eabi/lib/armv6-m/libg_nano.a(lib_a-nano-msizer.o)
 .debug_line    0x00003fd0       0x6c /usr/lib/gcc/arm-none-eabi/4.9.3/armv6-m/libgcc.a(_udivsi3.o)
 .debug_line    0x0000403c       0x73 /usr/lib/gcc/arm-none-eabi/4.9.3/armv6-m/libgcc.a(_divsi3.o)
 .debug_line    0x000040af       0x5e /usr/lib/gcc/arm-none-eabi/4.9.3/armv6-m/libgcc.a(_dvmd_tls.o)
 .debug_line    0x0000410d       0x5e /usr/lib/gcc/arm-none-eabi/4.9.3/../../../arm-none-eabi/lib/armv6-m/libnosys.a(close.o)
 .debug_line    0x0000416b       0xcd /usr/lib/gcc/arm-none-eabi/4.9.3/../../../arm-none-eabi/lib/armv6-m/libnosys.a(fstat.o)
 .debug_line    0x00004238       0x5d /usr/lib/gcc/arm-none-eabi/4.9.3/../../../arm-none-eabi/lib/armv6-m/libnosys.a(isatty.o)
 .debug_line    0x00004295       0x5e /usr/lib/gcc/arm-none-eabi/4.9.3/../../../arm-none-eabi/lib/armv6-m/libnosys.a(lseek.o)
 .debug_line    0x000042f3       0x5d /usr/lib/gcc/arm-none-eabi/4.9.3/../../../arm-none-eabi/lib/armv6-m/libnosys.a(read.o)
 .debug_line    0x00004350       0x58 /usr/lib/gcc/arm-none-eabi/4.9.3/../../../arm-none-eabi/lib/armv6-m/libnosys.a(sbrk.o)
 .debug_line    0x000043a8       0x5e /usr/lib/gcc/arm-none-eabi/4.9.3/../../../arm-none-eabi/lib/armv6-m/libnosys.a(write.o)

.debug_frame    0x00000000      0xb2c
 *(.debug_frame)
 .debug_frame   0x00000000      0x1e4 spinel_test-spinel.o
 .debug_frame   0x000001e4       0x20 /usr/lib/gcc/arm-none-eabi/4.9.3/../../../arm-none-eabi/lib/armv6-m/libg_nano.a(lib_a-errno.o)
 .debug_frame   0x00000204       0x2c /usr/lib/gcc/arm-none-eabi/4.9.3/../../../arm-none-eabi/lib/armv6-m/libg_nano.a(lib_a-memcmp.o)
 .debug_frame   0x00000230       0x28 /usr/lib/gcc/arm-none-eabi/4.9.3/../../../arm-none-eabi/lib/armv6-m/libg_nano.a(lib_a-memcpy.o)
 .debug_frame   0x00000258       0x20 /usr/lib/gcc/arm-none-eabi/4.9.3/../../../arm-none-eabi/lib/armv6-m/libg_nano.a(lib_a-memset.o)
 .debug_frame   0x00000278       0x50 /usr/lib/gcc/arm-none-eabi/4.9.3/../../../arm-none-eabi/lib/armv6-m/libg_nano.a(lib_a-printf.o)
 .debug_frame   0x000002c8       0x44 /usr/lib/gcc/arm-none-eabi/4.9.3/../../../arm-none-eabi/lib/armv6-m/libg_nano.a(lib_a-puts.o)
 .debug_frame   0x0000030c       0x20 /usr/lib/gcc/arm-none-eabi/4.9.3/../../../arm-none-eabi/lib/armv6-m/libg_nano.a(lib_a-strlen.o)
 .debug_frame   0x0000032c       0x20 /usr/lib/gcc/arm-none-eabi/4.9.3/../../../arm-none-eabi/lib/armv6-m/libg_nano.a(lib_a-strnlen.o)
 .debug_frame   0x0000034c       0x44 /usr/lib/gcc/arm-none-eabi/4.9.3/../../../arm-none-eabi/lib/armv6-m/libg_nano.a(lib_a-wbuf.o)
 .debug_frame   0x00000390       0x2c /usr/lib/gcc/arm-none-eabi/4.9.3/../../../arm-none-eabi/lib/armv6-m/libg_nano.a(lib_a-wsetup.o)
 .debug_frame   0x000003bc       0x68 /usr/lib/gcc/arm-none-eabi/4.9.3/../../../arm-none-eabi/lib/armv6-m/libg_nano.a(lib_a-fflush.o)
 .debug_frame   0x00000424      0x140 /usr/lib/gcc/arm-none-eabi/4.9.3/../../../arm-none-eabi/lib/armv6-m/libg_nano.a(lib_a-findfp.o)
 .debug_frame   0x00000564       0x58 /usr/lib/gcc/arm-none-eabi/4.9.3/../../../arm-none-eabi/lib/armv6-m/libg_nano.a(lib_a-fwalk.o)
 .debug_frame   0x000005bc       0x30 /usr/lib/gcc/arm-none-eabi/4.9.3/../../../arm-none-eabi/lib/armv6-m/libg_nano.a(lib_a-makebuf.o)
 .debug_frame   0x000005ec       0x2c /usr/lib/gcc/arm-none-eabi/4.9.3/../../../arm-none-eabi/lib/armv6-m/libg_nano.a(lib_a-nano-freer.o)
 .debug_frame   0x00000618       0x2c /usr/lib/gcc/arm-none-eabi/4.9.3/../../../arm-none-eabi/lib/armv6-m/libg_nano.a(lib_a-nano-mallocr.o)
 .debug_frame   0x00000644       0xa0 /usr/lib/gcc/arm-none-eabi/4.9.3/../../../arm-none-eabi/lib/armv6-m/libg_nano.a(lib_a-nano-vfprintf.o)
 .debug_frame   0x000006e4       0x54 /usr/lib/gcc/arm-none-eabi/4.9.3/../../../arm-none-eabi/lib/armv6-m/libg_nano.a(lib_a-nano-vfprintf_i.o)
 .debug_frame   0x00000738       0x2c /usr/lib/gcc/arm-none-eabi/4.9.3/../../../arm-none-eabi/lib/armv6-m/libg_nano.a(lib_a-sbrkr.o)
 .debug_frame   0x00000764       0x90 /usr/lib/gcc/arm-none-eabi/4.9.3/../../../arm-none-eabi/lib/armv6-m/libg_nano.a(lib_a-stdio.o)
 .debug_frame   0x000007f4       0x2c /usr/lib/gcc/arm-none-eabi/4.9.3/../../../arm-none-eabi/lib/armv6-m/libg_nano.a(lib_a-writer.o)
 .debug_frame   0x00000820       0x2c /usr/lib/gcc/arm-none-eabi/4.9.3/../../../arm-none-eabi/lib/armv6-m/libg_nano.a(lib_a-closer.o)
 .debug_frame   0x0000084c       0x2c /usr/lib/gcc/arm-none-eabi/4.9.3/../../../arm-none-eabi/lib/armv6-m/libg_nano.a(lib_a-fstatr.o)
 .debug_frame   0x00000878       0x30 /usr/lib/gcc/arm-none-eabi/4.9.3/../../../arm-none-eabi/lib/armv6-m/libg_nano.a(lib_a-fvwrite.o)
 .debug_frame   0x000008a8       0x2c /usr/lib/gcc/arm-none-eabi/4.9.3/../../../arm-none-eabi/lib/armv6-m/libg_nano.a(lib_a-isattyr.o)
 .debug_frame   0x000008d4       0x2c /usr/lib/gcc/arm-none-eabi/4.9.3/../../../arm-none-eabi/lib/armv6-m/libg_nano.a(lib_a-lseekr.o)
 .debug_frame   0x00000900       0x20 /usr/lib/gcc/arm-none-eabi/4.9.3/../../../arm-none-eabi/lib/armv6-m/libg_nano.a(lib_a-memchr.o)
 .debug_frame   0x00000920       0x28 /usr/lib/gcc/arm-none-eabi/4.9.3/../../../arm-none-eabi/lib/armv6-m/libg_nano.a(lib_a-memmove.o)
 .debug_frame   0x00000948       0x30 /usr/lib/gcc/arm-none-eabi/4.9.3/../../../arm-none-eabi/lib/armv6-m/libg_nano.a(lib_a-nano-reallocr.o)
 .debug_frame   0x00000978       0x2c /usr/lib/gcc/arm-none-eabi/4.9.3/../../../arm-none-eabi/lib/armv6-m/libg_nano.a(lib_a-readr.o)
 .debug_frame   0x000009a4       0x48 /usr/lib/gcc/arm-none-eabi/4.9.3/../../../arm-none-eabi/lib/armv6-m/libg_nano.a(lib_a-reent.o)
 .debug_frame   0x000009ec       0x20 /usr/lib/gcc/arm-none-eabi/4.9.3/../../../arm-none-eabi/lib/armv6-m/libg_nano.a(lib_a-nano-msizer.o)
 .debug_frame   0x00000a0c       0x20 /usr/lib/gcc/arm-none-eabi/4.9.3/armv6-m/libgcc.a(_udivsi3.o)
 .debug_frame   0x00000a2c       0x20 /usr/lib/gcc/arm-none-eabi/4.9.3/armv6-m/libgcc.a(_divsi3.o)
 .debug_frame   0x00000a4c       0x20 /usr/lib/gcc/arm-none-eabi/4.9.3/../../../arm-none-eabi/lib/armv6-m/libnosys.a(close.o)
 .debug_frame   0x00000a6c       0x20 /usr/lib/gcc/arm-none-eabi/4.9.3/../../../arm-none-eabi/lib/armv6-m/libnosys.a(fstat.o)
 .debug_frame   0x00000a8c       0x20 /usr/lib/gcc/arm-none-eabi/4.9.3/../../../arm-none-eabi/lib/armv6-m/libnosys.a(isatty.o)
 .debug_frame   0x00000aac       0x20 /usr/lib/gcc/arm-none-eabi/4.9.3/../../../arm-none-eabi/lib/armv6-m/libnosys.a(lseek.o)
 .debug_frame   0x00000acc       0x20 /usr/lib/gcc/arm-none-eabi/4.9.3/../../../arm-none-eabi/lib/armv6-m/libnosys.a(read.o)
 .debug_frame   0x00000aec       0x20 /usr/lib/gcc/arm-none-eabi/4.9.3/../../../arm-none-eabi/lib/armv6-m/libnosys.a(sbrk.o)
 .debug_frame   0x00000b0c       0x20 /usr/lib/gcc/arm-none-eabi/4.9.3/../../../arm-none-eabi/lib/armv6-m/libnosys.a(write.o)

.debug_str      0x00000000     0x41f8
 *(.debug_str)
 .debug_str     0x00000000     0x2d39 spinel_test-spinel.o
                               0x2ddb (size before relaxing)
 .debug_str     0x00002d39      0x41f /usr/lib/gcc/arm-none-eabi/4.9.3/../../../arm-none-eabi/lib/armv6-m/libg_nano.a(lib_a-errno.o)
                                0x525 (size before relaxing)
 .debug_str     0x00003158       0xf4 /usr/lib/gcc/arm-none-eabi/4.9.3/../../../arm-none-eabi/lib/armv6-m/libg_nano.a(lib_a-impure.o)
                                0x57c (size before relaxing)
 .debug_str     0x0000324c       0x98 /usr/lib/gcc/arm-none-eabi/4.9.3/../../../arm-none-eabi/lib/armv6-m/libg_nano.a(lib_a-memcmp.o)
                                0x1d4 (size before relaxing)
 .debug_str     0x000032e4       0x42 /usr/lib/gcc/arm-none-eabi/4.9.3/../../../arm-none-eabi/lib/armv6-m/libg_nano.a(lib_a-memcpy.o)
                                0x1e8 (size before relaxing)
 .debug_str     0x00003326       0x2e /usr/lib/gcc/arm-none-eabi/4.9.3/../../../arm-none-eabi/lib/armv6-m/libg_nano.a(lib_a-memset.o)
                                0x1d4 (size before relaxing)
 .debug_str     0x00003354       0xb4 /usr/lib/gcc/arm-none-eabi/4.9.3/../../../arm-none-eabi/lib/armv6-m/libg_nano.a(lib_a-printf.o)
                                0x56e (size before relaxing)
 .debug_str     0x00003408       0x59 /usr/lib/gcc/arm-none-eabi/4.9.3/../../../arm-none-eabi/lib/armv6-m/libg_nano.a(lib_a-puts.o)
                                0x5a2 (size before relaxing)
 .debug_str     0x00003461       0xad /usr/lib/gcc/arm-none-eabi/4.9.3/../../../arm-none-eabi/lib/armv6-m/libg_nano.a(lib_a-strlen.o)
                                0x1e9 (size before relaxing)
 .debug_str     0x0000350e       0x2f /usr/lib/gcc/arm-none-eabi/4.9.3/../../../arm-none-eabi/lib/armv6-m/libg_nano.a(lib_a-strnlen.o)
                                0x1dc (size before relaxing)
 .debug_str     0x0000353d       0x3d /usr/lib/gcc/arm-none-eabi/4.9.3/../../../arm-none-eabi/lib/armv6-m/libg_nano.a(lib_a-wbuf.o)
                                0x5a0 (size before relaxing)
 .debug_str     0x0000357a       0x42 /usr/lib/gcc/arm-none-eabi/4.9.3/../../../arm-none-eabi/lib/armv6-m/libg_nano.a(lib_a-wsetup.o)
                                0x59b (size before relaxing)
 .debug_str     0x000035bc       0x5d /usr/lib/gcc/arm-none-eabi/4.9.3/../../../arm-none-eabi/lib/armv6-m/libg_nano.a(lib_a-fflush.o)
                                0x5dc (size before relaxing)
 .debug_str     0x00003619      0x18f /usr/lib/gcc/arm-none-eabi/4.9.3/../../../arm-none-eabi/lib/armv6-m/libg_nano.a(lib_a-findfp.o)
                                0x728 (size before relaxing)
 .debug_str     0x000037a8       0x3b /usr/lib/gcc/arm-none-eabi/4.9.3/../../../arm-none-eabi/lib/armv6-m/libg_nano.a(lib_a-fwalk.o)
                                0x542 (size before relaxing)
 .debug_str     0x000037e3      0x115 /usr/lib/gcc/arm-none-eabi/4.9.3/../../../arm-none-eabi/lib/armv6-m/libg_nano.a(lib_a-makebuf.o)
                                0x63f (size before relaxing)
 .debug_str     0x000038f8       0xfa /usr/lib/gcc/arm-none-eabi/4.9.3/../../../arm-none-eabi/lib/armv6-m/libg_nano.a(lib_a-nano-freer.o)
                                0x595 (size before relaxing)
 .debug_str     0x000039f2       0x50 /usr/lib/gcc/arm-none-eabi/4.9.3/../../../arm-none-eabi/lib/armv6-m/libg_nano.a(lib_a-nano-mallocr.o)
                                0x5ca (size before relaxing)
 .debug_str     0x00003a42      0x1de /usr/lib/gcc/arm-none-eabi/4.9.3/../../../arm-none-eabi/lib/armv6-m/libg_nano.a(lib_a-nano-vfprintf.o)
                                0x712 (size before relaxing)
 .debug_str     0x00003c20       0x8e /usr/lib/gcc/arm-none-eabi/4.9.3/../../../arm-none-eabi/lib/armv6-m/libg_nano.a(lib_a-nano-vfprintf_i.o)
                                0x64d (size before relaxing)
 .debug_str     0x00003cae       0x37 /usr/lib/gcc/arm-none-eabi/4.9.3/../../../arm-none-eabi/lib/armv6-m/libg_nano.a(lib_a-sbrkr.o)
                                0x534 (size before relaxing)
 .debug_str     0x00003ce5       0x83 /usr/lib/gcc/arm-none-eabi/4.9.3/../../../arm-none-eabi/lib/armv6-m/libg_nano.a(lib_a-stdio.o)
                                0x598 (size before relaxing)
 .debug_str     0x00003d68       0x2d /usr/lib/gcc/arm-none-eabi/4.9.3/../../../arm-none-eabi/lib/armv6-m/libg_nano.a(lib_a-writer.o)
                                0x531 (size before relaxing)
 .debug_str     0x00003d95       0x2d /usr/lib/gcc/arm-none-eabi/4.9.3/../../../arm-none-eabi/lib/armv6-m/libg_nano.a(lib_a-closer.o)
                                0x521 (size before relaxing)
 .debug_str     0x00003dc2       0x3a /usr/lib/gcc/arm-none-eabi/4.9.3/../../../arm-none-eabi/lib/armv6-m/libg_nano.a(lib_a-fstatr.o)
                                0x614 (size before relaxing)
 .debug_str     0x00003dfc       0x5f /usr/lib/gcc/arm-none-eabi/4.9.3/../../../arm-none-eabi/lib/armv6-m/libg_nano.a(lib_a-fvwrite.o)
                                0x5cf (size before relaxing)
 .debug_str     0x00003e5b       0x36 /usr/lib/gcc/arm-none-eabi/4.9.3/../../../arm-none-eabi/lib/armv6-m/libg_nano.a(lib_a-isattyr.o)
                                0x52b (size before relaxing)
 .debug_str     0x00003e91       0x34 /usr/lib/gcc/arm-none-eabi/4.9.3/../../../arm-none-eabi/lib/armv6-m/libg_nano.a(lib_a-lseekr.o)
                                0x52f (size before relaxing)
 .debug_str     0x00003ec5       0x3e /usr/lib/gcc/arm-none-eabi/4.9.3/../../../arm-none-eabi/lib/armv6-m/libg_nano.a(lib_a-memchr.o)
                                0x1e4 (size before relaxing)
 .debug_str     0x00003f03       0x38 /usr/lib/gcc/arm-none-eabi/4.9.3/../../../arm-none-eabi/lib/armv6-m/libg_nano.a(lib_a-memmove.o)
                                0x1ef (size before relaxing)
 .debug_str     0x00003f3b       0x23 /usr/lib/gcc/arm-none-eabi/4.9.3/../../../arm-none-eabi/lib/armv6-m/libg_nano.a(lib_a-nano-reallocr.o)
                                0x59d (size before relaxing)
 .debug_str     0x00003f5e       0x2c /usr/lib/gcc/arm-none-eabi/4.9.3/../../../arm-none-eabi/lib/armv6-m/libg_nano.a(lib_a-readr.o)
                                0x52f (size before relaxing)
 .debug_str     0x00003f8a       0x58 /usr/lib/gcc/arm-none-eabi/4.9.3/../../../arm-none-eabi/lib/armv6-m/libg_nano.a(lib_a-reent.o)
                                0x55c (size before relaxing)
 .debug_str     0x00003fe2        0xf /usr/lib/gcc/arm-none-eabi/4.9.3/../../../arm-none-eabi/lib/armv6-m/libg_nano.a(lib_a-nano-msizer.o)
                                0x57b (size before relaxing)
 .debug_str     0x00003ff1      0x104 /usr/lib/gcc/arm-none-eabi/4.9.3/../../../arm-none-eabi/lib/armv6-m/libnosys.a(close.o)
                                0x1a3 (size before relaxing)
 .debug_str     0x000040f5       0x29 /usr/lib/gcc/arm-none-eabi/4.9.3/../../../arm-none-eabi/lib/armv6-m/libnosys.a(fstat.o)
                                0x290 (size before relaxing)
 .debug_str     0x0000411e       0x2a /usr/lib/gcc/arm-none-eabi/4.9.3/../../../arm-none-eabi/lib/armv6-m/libnosys.a(isatty.o)
                                0x1a3 (size before relaxing)
 .debug_str     0x00004148       0x29 /usr/lib/gcc/arm-none-eabi/4.9.3/../../../arm-none-eabi/lib/armv6-m/libnosys.a(lseek.o)
                                0x1a1 (size before relaxing)
 .debug_str     0x00004171       0x28 /usr/lib/gcc/arm-none-eabi/4.9.3/../../../arm-none-eabi/lib/armv6-m/libnosys.a(read.o)
                                0x19f (size before relaxing)
 .debug_str     0x00004199       0x36 /usr/lib/gcc/arm-none-eabi/4.9.3/../../../arm-none-eabi/lib/armv6-m/libnosys.a(sbrk.o)
                                0x123 (size before relaxing)
 .debug_str     0x000041cf       0x29 /usr/lib/gcc/arm-none-eabi/4.9.3/../../../arm-none-eabi/lib/armv6-m/libnosys.a(write.o)
                                0x1a1 (size before relaxing)

.debug_loc      0x00000000     0x3e8c
 *(.debug_loc)
 .debug_loc     0x00000000     0x131a spinel_test-spinel.o
 .debug_loc     0x0000131a      0x12e /usr/lib/gcc/arm-none-eabi/4.9.3/../../../arm-none-eabi/lib/armv6-m/libg_nano.a(lib_a-memcmp.o)
 .debug_loc     0x00001448       0xcf /usr/lib/gcc/arm-none-eabi/4.9.3/../../../arm-none-eabi/lib/armv6-m/libg_nano.a(lib_a-memcpy.o)
 .debug_loc     0x00001517       0x87 /usr/lib/gcc/arm-none-eabi/4.9.3/../../../arm-none-eabi/lib/armv6-m/libg_nano.a(lib_a-memset.o)
 .debug_loc     0x0000159e       0x3f /usr/lib/gcc/arm-none-eabi/4.9.3/../../../arm-none-eabi/lib/armv6-m/libg_nano.a(lib_a-printf.o)
 .debug_loc     0x000015dd      0x169 /usr/lib/gcc/arm-none-eabi/4.9.3/../../../arm-none-eabi/lib/armv6-m/libg_nano.a(lib_a-puts.o)
 .debug_loc     0x00001746       0x21 /usr/lib/gcc/arm-none-eabi/4.9.3/../../../arm-none-eabi/lib/armv6-m/libg_nano.a(lib_a-strlen.o)
 .debug_loc     0x00001767       0xa6 /usr/lib/gcc/arm-none-eabi/4.9.3/../../../arm-none-eabi/lib/armv6-m/libg_nano.a(lib_a-strnlen.o)
 .debug_loc     0x0000180d      0x11d /usr/lib/gcc/arm-none-eabi/4.9.3/../../../arm-none-eabi/lib/armv6-m/libg_nano.a(lib_a-wbuf.o)
 .debug_loc     0x0000192a       0x5d /usr/lib/gcc/arm-none-eabi/4.9.3/../../../arm-none-eabi/lib/armv6-m/libg_nano.a(lib_a-wsetup.o)
 .debug_loc     0x00001987      0x26e /usr/lib/gcc/arm-none-eabi/4.9.3/../../../arm-none-eabi/lib/armv6-m/libg_nano.a(lib_a-fflush.o)
 .debug_loc     0x00001bf5      0x20e /usr/lib/gcc/arm-none-eabi/4.9.3/../../../arm-none-eabi/lib/armv6-m/libg_nano.a(lib_a-findfp.o)
 .debug_loc     0x00001e03      0x188 /usr/lib/gcc/arm-none-eabi/4.9.3/../../../arm-none-eabi/lib/armv6-m/libg_nano.a(lib_a-fwalk.o)
 .debug_loc     0x00001f8b       0xd9 /usr/lib/gcc/arm-none-eabi/4.9.3/../../../arm-none-eabi/lib/armv6-m/libg_nano.a(lib_a-makebuf.o)
 .debug_loc     0x00002064      0x137 /usr/lib/gcc/arm-none-eabi/4.9.3/../../../arm-none-eabi/lib/armv6-m/libg_nano.a(lib_a-nano-freer.o)
 .debug_loc     0x0000219b      0x214 /usr/lib/gcc/arm-none-eabi/4.9.3/../../../arm-none-eabi/lib/armv6-m/libg_nano.a(lib_a-nano-mallocr.o)
 .debug_loc     0x000023af      0x4a8 /usr/lib/gcc/arm-none-eabi/4.9.3/../../../arm-none-eabi/lib/armv6-m/libg_nano.a(lib_a-nano-vfprintf.o)
 .debug_loc     0x00002857      0x57d /usr/lib/gcc/arm-none-eabi/4.9.3/../../../arm-none-eabi/lib/armv6-m/libg_nano.a(lib_a-nano-vfprintf_i.o)
 .debug_loc     0x00002dd4       0x4d /usr/lib/gcc/arm-none-eabi/4.9.3/../../../arm-none-eabi/lib/armv6-m/libg_nano.a(lib_a-sbrkr.o)
 .debug_loc     0x00002e21      0x231 /usr/lib/gcc/arm-none-eabi/4.9.3/../../../arm-none-eabi/lib/armv6-m/libg_nano.a(lib_a-stdio.o)
 .debug_loc     0x00003052       0xa5 /usr/lib/gcc/arm-none-eabi/4.9.3/../../../arm-none-eabi/lib/armv6-m/libg_nano.a(lib_a-writer.o)
 .debug_loc     0x000030f7       0x4d /usr/lib/gcc/arm-none-eabi/4.9.3/../../../arm-none-eabi/lib/armv6-m/libg_nano.a(lib_a-closer.o)
 .debug_loc     0x00003144       0x79 /usr/lib/gcc/arm-none-eabi/4.9.3/../../../arm-none-eabi/lib/armv6-m/libg_nano.a(lib_a-fstatr.o)
 .debug_loc     0x000031bd      0x539 /usr/lib/gcc/arm-none-eabi/4.9.3/../../../arm-none-eabi/lib/armv6-m/libg_nano.a(lib_a-fvwrite.o)
 .debug_loc     0x000036f6       0x4d /usr/lib/gcc/arm-none-eabi/4.9.3/../../../arm-none-eabi/lib/armv6-m/libg_nano.a(lib_a-isattyr.o)
 .debug_loc     0x00003743       0xa5 /usr/lib/gcc/arm-none-eabi/4.9.3/../../../arm-none-eabi/lib/armv6-m/libg_nano.a(lib_a-lseekr.o)
 .debug_loc     0x000037e8       0xa7 /usr/lib/gcc/arm-none-eabi/4.9.3/../../../arm-none-eabi/lib/armv6-m/libg_nano.a(lib_a-memchr.o)
 .debug_loc     0x0000388f      0x152 /usr/lib/gcc/arm-none-eabi/4.9.3/../../../arm-none-eabi/lib/armv6-m/libg_nano.a(lib_a-memmove.o)
 .debug_loc     0x000039e1      0x142 /usr/lib/gcc/arm-none-eabi/4.9.3/../../../arm-none-eabi/lib/armv6-m/libg_nano.a(lib_a-nano-reallocr.o)
 .debug_loc     0x00003b23       0xa5 /usr/lib/gcc/arm-none-eabi/4.9.3/../../../arm-none-eabi/lib/armv6-m/libg_nano.a(lib_a-readr.o)
 .debug_loc     0x00003bc8       0xc0 /usr/lib/gcc/arm-none-eabi/4.9.3/../../../arm-none-eabi/lib/armv6-m/libg_nano.a(lib_a-reent.o)
 .debug_loc     0x00003c88       0x9c /usr/lib/gcc/arm-none-eabi/4.9.3/../../../arm-none-eabi/lib/armv6-m/libg_nano.a(lib_a-nano-msizer.o)
 .debug_loc     0x00003d24       0x21 /usr/lib/gcc/arm-none-eabi/4.9.3/../../../arm-none-eabi/lib/armv6-m/libnosys.a(close.o)
 .debug_loc     0x00003d45       0x21 /usr/lib/gcc/arm-none-eabi/4.9.3/../../../arm-none-eabi/lib/armv6-m/libnosys.a(fstat.o)
 .debug_loc     0x00003d66       0x21 /usr/lib/gcc/arm-none-eabi/4.9.3/../../../arm-none-eabi/lib/armv6-m/libnosys.a(isatty.o)
 .debug_loc     0x00003d87       0x42 /usr/lib/gcc/arm-none-eabi/4.9.3/../../../arm-none-eabi/lib/armv6-m/libnosys.a(lseek.o)
 .debug_loc     0x00003dc9       0x42 /usr/lib/gcc/arm-none-eabi/4.9.3/../../../arm-none-eabi/lib/armv6-m/libnosys.a(read.o)
 .debug_loc     0x00003e0b       0x3f /usr/lib/gcc/arm-none-eabi/4.9.3/../../../arm-none-eabi/lib/armv6-m/libnosys.a(sbrk.o)
 .debug_loc     0x00003e4a       0x42 /usr/lib/gcc/arm-none-eabi/4.9.3/../../../arm-none-eabi/lib/armv6-m/libnosys.a(write.o)

.debug_macinfo
 *(.debug_macinfo)

.debug_weaknames
 *(.debug_weaknames)

.debug_funcnames
 *(.debug_funcnames)

.debug_typenames
 *(.debug_typenames)

.debug_varnames
 *(.debug_varnames)

.debug_pubtypes
 *(.debug_pubtypes)

.debug_ranges   0x00000000      0x4d8
 *(.debug_ranges)
 .debug_ranges  0x00000000       0xf0 spinel_test-spinel.o
 .debug_ranges  0x000000f0       0x10 /usr/lib/gcc/arm-none-eabi/4.9.3/../../../arm-none-eabi/lib/armv6-m/libg_nano.a(lib_a-errno.o)
 .debug_ranges  0x00000100       0x10 /usr/lib/gcc/arm-none-eabi/4.9.3/../../../arm-none-eabi/lib/armv6-m/libg_nano.a(lib_a-memcmp.o)
 .debug_ranges  0x00000110       0x10 /usr/lib/gcc/arm-none-eabi/4.9.3/../../../arm-none-eabi/lib/armv6-m/libg_nano.a(lib_a-memcpy.o)
 .debug_ranges  0x00000120       0x10 /usr/lib/gcc/arm-none-eabi/4.9.3/../../../arm-none-eabi/lib/armv6-m/libg_nano.a(lib_a-memset.o)
 .debug_ranges  0x00000130       0x18 /usr/lib/gcc/arm-none-eabi/4.9.3/../../../arm-none-eabi/lib/armv6-m/libg_nano.a(lib_a-printf.o)
 .debug_ranges  0x00000148       0x30 /usr/lib/gcc/arm-none-eabi/4.9.3/../../../arm-none-eabi/lib/armv6-m/libg_nano.a(lib_a-puts.o)
 .debug_ranges  0x00000178       0x10 /usr/lib/gcc/arm-none-eabi/4.9.3/../../../arm-none-eabi/lib/armv6-m/libg_nano.a(lib_a-strlen.o)
 .debug_ranges  0x00000188       0x10 /usr/lib/gcc/arm-none-eabi/4.9.3/../../../arm-none-eabi/lib/armv6-m/libg_nano.a(lib_a-strnlen.o)
 .debug_ranges  0x00000198       0x18 /usr/lib/gcc/arm-none-eabi/4.9.3/../../../arm-none-eabi/lib/armv6-m/libg_nano.a(lib_a-wbuf.o)
 .debug_ranges  0x000001b0       0x30 /usr/lib/gcc/arm-none-eabi/4.9.3/../../../arm-none-eabi/lib/armv6-m/libg_nano.a(lib_a-wsetup.o)
 .debug_ranges  0x000001e0       0x20 /usr/lib/gcc/arm-none-eabi/4.9.3/../../../arm-none-eabi/lib/armv6-m/libg_nano.a(lib_a-fflush.o)
 .debug_ranges  0x00000200       0x78 /usr/lib/gcc/arm-none-eabi/4.9.3/../../../arm-none-eabi/lib/armv6-m/libg_nano.a(lib_a-findfp.o)
 .debug_ranges  0x00000278       0x18 /usr/lib/gcc/arm-none-eabi/4.9.3/../../../arm-none-eabi/lib/armv6-m/libg_nano.a(lib_a-fwalk.o)
 .debug_ranges  0x00000290       0x10 /usr/lib/gcc/arm-none-eabi/4.9.3/../../../arm-none-eabi/lib/armv6-m/libg_nano.a(lib_a-makebuf.o)
 .debug_ranges  0x000002a0       0x10 /usr/lib/gcc/arm-none-eabi/4.9.3/../../../arm-none-eabi/lib/armv6-m/libg_nano.a(lib_a-nano-freer.o)
 .debug_ranges  0x000002b0       0x28 /usr/lib/gcc/arm-none-eabi/4.9.3/../../../arm-none-eabi/lib/armv6-m/libg_nano.a(lib_a-nano-mallocr.o)
 .debug_ranges  0x000002d8       0x30 /usr/lib/gcc/arm-none-eabi/4.9.3/../../../arm-none-eabi/lib/armv6-m/libg_nano.a(lib_a-nano-vfprintf.o)
 .debug_ranges  0x00000308       0x58 /usr/lib/gcc/arm-none-eabi/4.9.3/../../../arm-none-eabi/lib/armv6-m/libg_nano.a(lib_a-nano-vfprintf_i.o)
 .debug_ranges  0x00000360       0x10 /usr/lib/gcc/arm-none-eabi/4.9.3/../../../arm-none-eabi/lib/armv6-m/libg_nano.a(lib_a-sbrkr.o)
 .debug_ranges  0x00000370       0x30 /usr/lib/gcc/arm-none-eabi/4.9.3/../../../arm-none-eabi/lib/armv6-m/libg_nano.a(lib_a-stdio.o)
 .debug_ranges  0x000003a0       0x10 /usr/lib/gcc/arm-none-eabi/4.9.3/../../../arm-none-eabi/lib/armv6-m/libg_nano.a(lib_a-writer.o)
 .debug_ranges  0x000003b0       0x10 /usr/lib/gcc/arm-none-eabi/4.9.3/../../../arm-none-eabi/lib/armv6-m/libg_nano.a(lib_a-closer.o)
 .debug_ranges  0x000003c0       0x10 /usr/lib/gcc/arm-none-eabi/4.9.3/../../../arm-none-eabi/lib/armv6-m/libg_nano.a(lib_a-fstatr.o)
 .debug_ranges  0x000003d0       0x10 /usr/lib/gcc/arm-none-eabi/4.9.3/../../../arm-none-eabi/lib/armv6-m/libg_nano.a(lib_a-fvwrite.o)
 .debug_ranges  0x000003e0       0x10 /usr/lib/gcc/arm-none-eabi/4.9.3/../../../arm-none-eabi/lib/armv6-m/libg_nano.a(lib_a-isattyr.o)
 .debug_ranges  0x000003f0       0x10 /usr/lib/gcc/arm-none-eabi/4.9.3/../../../arm-none-eabi/lib/armv6-m/libg_nano.a(lib_a-lseekr.o)
 .debug_ranges  0x00000400       0x10 /usr/lib/gcc/arm-none-eabi/4.9.3/../../../arm-none-eabi/lib/armv6-m/libg_nano.a(lib_a-memchr.o)
 .debug_ranges  0x00000410       0x10 /usr/lib/gcc/arm-none-eabi/4.9.3/../../../arm-none-eabi/lib/armv6-m/libg_nano.a(lib_a-memmove.o)
 .debug_ranges  0x00000420       0x10 /usr/lib/gcc/arm-none-eabi/4.9.3/../../../arm-none-eabi/lib/armv6-m/libg_nano.a(lib_a-nano-reallocr.o)
 .debug_ranges  0x00000430       0x10 /usr/lib/gcc/arm-none-eabi/4.9.3/../../../arm-none-eabi/lib/armv6-m/libg_nano.a(lib_a-readr.o)
 .debug_ranges  0x00000440       0x18 /usr/lib/gcc/arm-none-eabi/4.9.3/../../../arm-none-eabi/lib/armv6-m/libg_nano.a(lib_a-reent.o)
 .debug_ranges  0x00000458       0x10 /usr/lib/gcc/arm-none-eabi/4.9.3/../../../arm-none-eabi/lib/armv6-m/libg_nano.a(lib_a-nano-msizer.o)
 .debug_ranges  0x00000468       0x10 /usr/lib/gcc/arm-none-eabi/4.9.3/../../../arm-none-eabi/lib/armv6-m/libnosys.a(close.o)
 .debug_ranges  0x00000478       0x10 /usr/lib/gcc/arm-none-eabi/4.9.3/../../../arm-none-eabi/lib/armv6-m/libnosys.a(fstat.o)
 .debug_ranges  0x00000488       0x10 /usr/lib/gcc/arm-none-eabi/4.9.3/../../../arm-none-eabi/lib/armv6-m/libnosys.a(isatty.o)
 .debug_ranges  0x00000498       0x10 /usr/lib/gcc/arm-none-eabi/4.9.3/../../../arm-none-eabi/lib/armv6-m/libnosys.a(lseek.o)
 .debug_ranges  0x000004a8       0x10 /usr/lib/gcc/arm-none-eabi/4.9.3/../../../arm-none-eabi/lib/armv6-m/libnosys.a(read.o)
 .debug_ranges  0x000004b8       0x10 /usr/lib/gcc/arm-none-eabi/4.9.3/../../../arm-none-eabi/lib/armv6-m/libnosys.a(sbrk.o)
 .debug_ranges  0x000004c8       0x10 /usr/lib/gcc/arm-none-eabi/4.9.3/../../../arm-none-eabi/lib/armv6-m/libnosys.a(write.o)

.debug_macro
 *(.debug_macro)

.stack          0x00080000        0x0
                0x00080000                _stack = .
 *(.stack)

.ARM.attributes
                0x00000000       0x30
 *(.ARM.attributes)
 .ARM.attributes
                0x00000000       0x32 spinel_test-spinel.o
 .ARM.attributes
                0x00000032       0x2c /usr/lib/gcc/arm-none-eabi/4.9.3/../../../arm-none-eabi/lib/armv6-m/libg_nano.a(lib_a-errno.o)
 .ARM.attributes
                0x0000005e       0x2c /usr/lib/gcc/arm-none-eabi/4.9.3/../../../arm-none-eabi/lib/armv6-m/libg_nano.a(lib_a-impure.o)
 .ARM.attributes
                0x0000008a       0x2c /usr/lib/gcc/arm-none-eabi/4.9.3/../../../arm-none-eabi/lib/armv6-m/libg_nano.a(lib_a-memcmp.o)
 .ARM.attributes
                0x000000b6       0x2c /usr/lib/gcc/arm-none-eabi/4.9.3/../../../arm-none-eabi/lib/armv6-m/libg_nano.a(lib_a-memcpy.o)
 .ARM.attributes
                0x000000e2       0x2c /usr/lib/gcc/arm-none-eabi/4.9.3/../../../arm-none-eabi/lib/armv6-m/libg_nano.a(lib_a-memset.o)
 .ARM.attributes
                0x0000010e       0x2c /usr/lib/gcc/arm-none-eabi/4.9.3/../../../arm-none-eabi/lib/armv6-m/libg_nano.a(lib_a-printf.o)
 .ARM.attributes
                0x0000013a       0x2c /usr/lib/gcc/arm-none-eabi/4.9.3/../../../arm-none-eabi/lib/armv6-m/libg_nano.a(lib_a-puts.o)
 .ARM.attributes
                0x00000166       0x1c /usr/lib/gcc/arm-none-eabi/4.9.3/../../../arm-none-eabi/lib/armv6-m/libg_nano.a(lib_a-strcmp.o)
 .ARM.attributes
                0x00000182       0x2c /usr/lib/gcc/arm-none-eabi/4.9.3/../../../arm-none-eabi/lib/armv6-m/libg_nano.a(lib_a-strlen.o)
 .ARM.attributes
                0x000001ae       0x2c /usr/lib/gcc/arm-none-eabi/4.9.3/../../../arm-none-eabi/lib/armv6-m/libg_nano.a(lib_a-strnlen.o)
 .ARM.attributes
                0x000001da       0x2c /usr/lib/gcc/arm-none-eabi/4.9.3/../../../arm-none-eabi/lib/armv6-m/libg_nano.a(lib_a-wbuf.o)
 .ARM.attributes
                0x00000206       0x2c /usr/lib/gcc/arm-none-eabi/4.9.3/../../../arm-none-eabi/lib/armv6-m/libg_nano.a(lib_a-wsetup.o)
 .ARM.attributes
                0x00000232       0x2c /usr/lib/gcc/arm-none-eabi/4.9.3/../../../arm-none-eabi/lib/armv6-m/libg_nano.a(lib_a-fflush.o)
 .ARM.attributes
                0x0000025e       0x2c /usr/lib/gcc/arm-none-eabi/4.9.3/../../../arm-none-eabi/lib/armv6-m/libg_nano.a(lib_a-findfp.o)
 .ARM.attributes
                0x0000028a       0x2c /usr/lib/gcc/arm-none-eabi/4.9.3/../../../arm-none-eabi/lib/armv6-m/libg_nano.a(lib_a-fwalk.o)
 .ARM.attributes
                0x000002b6       0x2c /usr/lib/gcc/arm-none-eabi/4.9.3/../../../arm-none-eabi/lib/armv6-m/libg_nano.a(lib_a-makebuf.o)
 .ARM.attributes
                0x000002e2       0x2c /usr/lib/gcc/arm-none-eabi/4.9.3/../../../arm-none-eabi/lib/armv6-m/libg_nano.a(lib_a-nano-freer.o)
 .ARM.attributes
                0x0000030e       0x2c /usr/lib/gcc/arm-none-eabi/4.9.3/../../../arm-none-eabi/lib/armv6-m/libg_nano.a(lib_a-nano-mallocr.o)
 .ARM.attributes
                0x0000033a       0x2c /usr/lib/gcc/arm-none-eabi/4.9.3/../../../arm-none-eabi/lib/armv6-m/libg_nano.a(lib_a-nano-vfprintf.o)
 .ARM.attributes
                0x00000366       0x2c /usr/lib/gcc/arm-none-eabi/4.9.3/../../../arm-none-eabi/lib/armv6-m/libg_nano.a(lib_a-nano-vfprintf_i.o)
 .ARM.attributes
                0x00000392       0x2c /usr/lib/gcc/arm-none-eabi/4.9.3/../../../arm-none-eabi/lib/armv6-m/libg_nano.a(lib_a-sbrkr.o)
 .ARM.attributes
                0x000003be       0x2c /usr/lib/gcc/arm-none-eabi/4.9.3/../../../arm-none-eabi/lib/armv6-m/libg_nano.a(lib_a-stdio.o)
 .ARM.attributes
                0x000003ea       0x2c /usr/lib/gcc/arm-none-eabi/4.9.3/../../../arm-none-eabi/lib/armv6-m/libg_nano.a(lib_a-writer.o)
 .ARM.attributes
                0x00000416       0x2c /usr/lib/gcc/arm-none-eabi/4.9.3/../../../arm-none-eabi/lib/armv6-m/libg_nano.a(lib_a-closer.o)
 .ARM.attributes
                0x00000442       0x2c /usr/lib/gcc/arm-none-eabi/4.9.3/../../../arm-none-eabi/lib/armv6-m/libg_nano.a(lib_a-fstatr.o)
 .ARM.attributes
                0x0000046e       0x2c /usr/lib/gcc/arm-none-eabi/4.9.3/../../../arm-none-eabi/lib/armv6-m/libg_nano.a(lib_a-fvwrite.o)
 .ARM.attributes
                0x0000049a       0x2c /usr/lib/gcc/arm-none-eabi/4.9.3/../../../arm-none-eabi/lib/armv6-m/libg_nano.a(lib_a-isattyr.o)
 .ARM.attributes
                0x000004c6       0x2c /usr/lib/gcc/arm-none-eabi/4.9.3/../../../arm-none-eabi/lib/armv6-m/libg_nano.a(lib_a-lseekr.o)
 .ARM.attributes
                0x000004f2       0x2c /usr/lib/gcc/arm-none-eabi/4.9.3/../../../arm-none-eabi/lib/armv6-m/libg_nano.a(lib_a-memchr.o)
 .ARM.attributes
                0x0000051e       0x2c /usr/lib/gcc/arm-none-eabi/4.9.3/../../../arm-none-eabi/lib/armv6-m/libg_nano.a(lib_a-memmove.o)
 .ARM.attributes
                0x0000054a       0x2c /usr/lib/gcc/arm-none-eabi/4.9.3/../../../arm-none-eabi/lib/armv6-m/libg_nano.a(lib_a-nano-reallocr.o)
 .ARM.attributes
                0x00000576       0x2c /usr/lib/gcc/arm-none-eabi/4.9.3/../../../arm-none-eabi/lib/armv6-m/libg_nano.a(lib_a-readr.o)
 .ARM.attributes
                0x000005a2       0x2c /usr/lib/gcc/arm-none-eabi/4.9.3/../../../arm-none-eabi/lib/armv6-m/libg_nano.a(lib_a-reent.o)
 .ARM.attributes
                0x000005ce       0x2c /usr/lib/gcc/arm-none-eabi/4.9.3/../../../arm-none-eabi/lib/armv6-m/libg_nano.a(lib_a-nano-msizer.o)
 .ARM.attributes
                0x000005fa       0x1e /usr/lib/gcc/arm-none-eabi/4.9.3/armv6-m/libgcc.a(_udivsi3.o)
 .ARM.attributes
                0x00000618       0x1e /usr/lib/gcc/arm-none-eabi/4.9.3/armv6-m/libgcc.a(_divsi3.o)
 .ARM.attributes
                0x00000636       0x1e /usr/lib/gcc/arm-none-eabi/4.9.3/armv6-m/libgcc.a(_dvmd_tls.o)
 .ARM.attributes
                0x00000654       0x2c /usr/lib/gcc/arm-none-eabi/4.9.3/../../../arm-none-eabi/lib/armv6-m/libnosys.a(close.o)
 .ARM.attributes
                0x00000680       0x2c /usr/lib/gcc/arm-none-eabi/4.9.3/../../../arm-none-eabi/lib/armv6-m/libnosys.a(fstat.o)
 .ARM.attributes
                0x000006ac       0x2c /usr/lib/gcc/arm-none-eabi/4.9.3/../../../arm-none-eabi/lib/armv6-m/libnosys.a(isatty.o)
 .ARM.attributes
                0x000006d8       0x2c /usr/lib/gcc/arm-none-eabi/4.9.3/../../../arm-none-eabi/lib/armv6-m/libnosys.a(lseek.o)
 .ARM.attributes
                0x00000704       0x2c /usr/lib/gcc/arm-none-eabi/4.9.3/../../../arm-none-eabi/lib/armv6-m/libnosys.a(read.o)
 .ARM.attributes
                0x00000730       0x2c /usr/lib/gcc/arm-none-eabi/4.9.3/../../../arm-none-eabi/lib/armv6-m/libnosys.a(sbrk.o)
 .ARM.attributes
                0x0000075c       0x2c /usr/lib/gcc/arm-none-eabi/4.9.3/../../../arm-none-eabi/lib/armv6-m/libnosys.a(write.o)
 *(.gnu.attributes)

.note.gnu.arm.ident
 *(.note.gnu.arm.ident)

/DISCARD/
 *(.note.GNU-stack)
 *(.gnu_debuglink)
 *(.gnu.lto_*)
OUTPUT(spinel-test elf32-littlearm)
